\BOOKMARK [1][-]{section.1}{\376\377\000I\000n\000t\000r\000o\000d\000u\000c\000t\000i\000o\000n}{}% 1
\BOOKMARK [2][-]{subsection.1.1}{\376\377\000C\000o\000n\000t\000r\000i\000b\000u\000t\000i\000o\000n\000s}{section.1}% 2
\BOOKMARK [1][-]{section.2}{\376\377\000R\000e\000l\000a\000t\000e\000d\000\040\000L\000i\000t\000e\000r\000a\000t\000u\000r\000e}{}% 3
\BOOKMARK [1][-]{section.3}{\376\377\000A\000\040\000F\000r\000a\000m\000e\000w\000o\000r\000k\000\040\000f\000o\000r\000\040\000C\000o\000v\000e\000r\000-\000B\000i\000d\000d\000e\000r\000\040\000D\000e\000p\000l\000o\000y\000m\000e\000n\000t}{}% 4
\BOOKMARK [2][-]{subsection.3.1}{\376\377\000E\000n\000v\000i\000r\000o\000n\000m\000e\000n\000t}{section.3}% 5
\BOOKMARK [2][-]{subsection.3.2}{\376\377\000T\000h\000e\000\040\000C\000a\000r\000t\000e\000l\000'\000s\000\040\000O\000p\000t\000i\000m\000i\000z\000a\000t\000i\000o\000n\000\040\000P\000r\000o\000b\000l\000e\000m}{section.3}% 6
\BOOKMARK [2][-]{subsection.3.3}{\376\377\000E\000q\000u\000i\000l\000i\000b\000r\000i\000u\000m\000\040\000C\000o\000v\000e\000r\000-\000B\000i\000d\000\040\000D\000i\000s\000t\000r\000i\000b\000u\000t\000i\000o\000n\000s}{section.3}% 7
\BOOKMARK [2][-]{subsection.3.4}{\376\377\000M\000a\000r\000k\000e\000t\000\040\000S\000e\000l\000e\000c\000t\000i\000o\000n\000:\000\040\000W\000h\000y\000\040\000C\000o\000v\000e\000r\000\040\000B\000i\000d\000d\000i\000n\000g\000\040\000C\000o\000n\000c\000e\000n\000t\000r\000a\000t\000e\000s\000\040\000i\000n\000\040\000C\000o\000m\000p\000e\000t\000i\000t\000i\000v\000e\000\040\000M\000a\000r\000k\000e\000t\000s}{section.3}% 8
\BOOKMARK [2][-]{subsection.3.5}{\376\377\000S\000t\000r\000u\000c\000t\000u\000r\000a\000l\000\040\000L\000i\000k\000e\000l\000i\000h\000o\000o\000d}{section.3}% 9
\BOOKMARK [2][-]{subsection.3.6}{\376\377\000I\000d\000e\000n\000t\000i\000f\000i\000c\000a\000t\000i\000o\000n\000\040\000o\000f\000\040\000S\000t\000r\000u\000c\000t\000u\000r\000a\000l\000\040\000P\000a\000r\000a\000m\000e\000t\000e\000r\000s}{section.3}% 10
\BOOKMARK [2][-]{subsection.3.7}{\376\377\000T\000e\000s\000t\000a\000b\000l\000e\000\040\000P\000r\000e\000d\000i\000c\000t\000i\000o\000n\000s}{section.3}% 11
\BOOKMARK [1][-]{section.4}{\376\377\000D\000a\000t\000a\000\040\000a\000n\000d\000\040\000F\000r\000e\000q\000u\000e\000n\000t\000\040\000L\000o\000s\000e\000r\000s\000\040\000D\000e\000f\000i\000n\000i\000t\000i\000o\000n}{}% 12
\BOOKMARK [2][-]{subsection.4.1}{\376\377\000B\000E\000C\000\040\000P\000l\000a\000t\000f\000o\000r\000m}{section.4}% 13
\BOOKMARK [2][-]{subsection.4.2}{\376\377\000F\000r\000e\000q\000u\000e\000n\000t\000\040\000L\000o\000s\000e\000r\000s\000\040\000D\000e\000f\000i\000n\000i\000t\000i\000o\000n}{section.4}% 14
\BOOKMARK [2][-]{subsection.4.3}{\376\377\000S\000a\000m\000p\000l\000e\000\040\000C\000o\000n\000s\000t\000r\000u\000c\000t\000i\000o\000n}{section.4}% 15
\BOOKMARK [2][-]{subsection.4.4}{\376\377\000S\000t\000r\000u\000c\000t\000u\000r\000a\000l\000\040\000E\000s\000t\000i\000m\000a\000t\000i\000o\000n\000\040\000S\000a\000m\000p\000l\000e}{section.4}% 16
\BOOKMARK [2][-]{subsection.4.5}{\376\377\000C\000A\000D\000E\000\040\000V\000a\000l\000i\000d\000a\000t\000i\000o\000n\000\040\000S\000a\000m\000p\000l\000e}{section.4}% 17
\BOOKMARK [1][-]{section.5}{\376\377\000E\000x\000t\000e\000r\000n\000a\000l\000\040\000V\000a\000l\000i\000d\000a\000t\000i\000o\000n\000:\000\040\000C\000A\000D\000E\000\040\000C\000a\000r\000t\000e\000l\000\040\000C\000o\000n\000v\000i\000c\000t\000i\000o\000n\000s}{}% 18
\BOOKMARK [1][-]{section.6}{\376\377\000E\000m\000p\000i\000r\000i\000c\000a\000l\000\040\000S\000t\000r\000a\000t\000e\000g\000y}{}% 19
\BOOKMARK [2][-]{subsection.6.1}{\376\377\000S\000t\000r\000u\000c\000t\000u\000r\000a\000l\000\040\000L\000i\000k\000e\000l\000i\000h\000o\000o\000d\000\040\000E\000s\000t\000i\000m\000a\000t\000i\000o\000n}{section.6}% 20
\BOOKMARK [2][-]{subsection.6.2}{\376\377\000R\000e\000d\000u\000c\000e\000d\000-\000F\000o\000r\000m\000\040\000I\000d\000e\000n\000t\000i\000f\000i\000c\000a\000t\000i\000o\000n}{section.6}% 21
\BOOKMARK [2][-]{subsection.6.3}{\376\377\000D\000e\000t\000e\000c\000t\000i\000o\000n\000\040\000P\000e\000r\000f\000o\000r\000m\000a\000n\000c\000e\000\040\000V\000a\000l\000i\000d\000a\000t\000i\000o\000n}{section.6}% 22
\BOOKMARK [2][-]{subsection.6.4}{\376\377\000B\000a\000j\000a\000r\000i\040\023\000Y\000e\000\040\000B\000i\000d\000\040\000C\000o\000o\000r\000d\000i\000n\000a\000t\000i\000o\000n\000\040\000T\000e\000s\000t\000s}{section.6}% 23
\BOOKMARK [2][-]{subsection.6.5}{\376\377\000N\000e\000t\000w\000o\000r\000k\000-\000S\000p\000l\000i\000t\000\040\000H\000e\000t\000e\000r\000o\000g\000e\000n\000e\000i\000t\000y\000\040\000T\000e\000s\000t}{section.6}% 24
\BOOKMARK [1][-]{section.7}{\376\377\000R\000e\000s\000u\000l\000t\000s}{}% 25
\BOOKMARK [2][-]{subsection.7.1}{\376\377\000O\000L\000S\000\040\000a\000n\000d\000\040\000M\000a\000t\000c\000h\000i\000n\000g\000\040\000R\000e\000s\000u\000l\000t\000s}{section.7}% 26
\BOOKMARK [2][-]{subsection.7.2}{\376\377\000D\000e\000t\000e\000c\000t\000i\000o\000n\000\040\000P\000e\000r\000f\000o\000r\000m\000a\000n\000c\000e}{section.7}% 27
\BOOKMARK [2][-]{subsection.7.3}{\376\377\000G\000r\000o\000u\000n\000d\000\040\000T\000r\000u\000t\000h\000\040\000R\000o\000b\000u\000s\000t\000n\000e\000s\000s}{section.7}% 28
\BOOKMARK [2][-]{subsection.7.4}{\376\377\000N\000e\000t\000w\000o\000r\000k\000-\000S\000p\000l\000i\000t\000\040\000R\000e\000s\000u\000l\000t\000s}{section.7}% 29
\BOOKMARK [2][-]{subsection.7.5}{\376\377\000B\000a\000j\000a\000r\000i\040\023\000Y\000e\000\040\000T\000e\000s\000t\000s}{section.7}% 30
\BOOKMARK [2][-]{subsection.7.6}{\376\377\000A\000d\000d\000i\000t\000i\000o\000n\000a\000l\000\040\000I\000d\000e\000n\000t\000i\000f\000i\000c\000a\000t\000i\000o\000n\000\040\000E\000v\000i\000d\000e\000n\000c\000e}{section.7}% 31
\BOOKMARK [2][-]{subsection.7.7}{\376\377\000S\000t\000r\000u\000c\000t\000u\000r\000a\000l\000\040\000E\000s\000t\000i\000m\000a\000t\000i\000o\000n\000\040\000R\000e\000s\000u\000l\000t\000s}{section.7}% 32
\BOOKMARK [2][-]{subsection.7.8}{\376\377\000S\000t\000r\000u\000c\000t\000u\000r\000a\000l\000\040\000M\000o\000d\000e\000l\000\040\000S\000p\000e\000c\000i\000f\000i\000c\000a\000t\000i\000o\000n\000\040\000T\000e\000s\000t\000s}{section.7}% 33
\BOOKMARK [1][-]{section.8}{\376\377\000M\000e\000c\000h\000a\000n\000i\000s\000m\000s\000\040\000a\000n\000d\000\040\000A\000l\000t\000e\000r\000n\000a\000t\000i\000v\000e\000\040\000E\000x\000p\000l\000a\000n\000a\000t\000i\000o\000n\000s}{}% 34
\BOOKMARK [2][-]{subsection.8.1}{\376\377\000M\0001\000:\000\040\000S\000t\000r\000a\000t\000e\000g\000i\000c\000\040\000S\000e\000l\000e\000c\000t\000i\000o\000n\000\040\000v\000s\000.\000\040\000C\000o\000m\000p\000e\000t\000i\000t\000i\000v\000e\000\040\000D\000i\000s\000p\000l\000a\000c\000e\000m\000e\000n\000t}{section.8}% 35
\BOOKMARK [2][-]{subsection.8.2}{\376\377\000M\0002\000:\000\040\000R\000e\000f\000e\000r\000e\000n\000c\000e\000\040\000P\000r\000i\000c\000e\000\040\000C\000a\000l\000i\000b\000r\000a\000t\000i\000o\000n}{section.8}% 36
\BOOKMARK [2][-]{subsection.8.3}{\376\377\000M\0003\000:\000\040\000R\000e\000v\000e\000r\000s\000e\000\040\000C\000a\000u\000s\000a\000l\000i\000t\000y}{section.8}% 37
\BOOKMARK [2][-]{subsection.8.4}{\376\377\000A\000l\000t\000e\000r\000n\000a\000t\000i\000v\000e\000\040\000E\000x\000p\000l\000a\000n\000a\000t\000i\000o\000n\000s\000:\000\040\000L\000e\000a\000r\000n\000i\000n\000g\000\040\000a\000n\000d\000\040\000A\000u\000c\000t\000i\000o\000n\000\040\000F\000o\000r\000m\000a\000t}{section.8}% 38
\BOOKMARK [2][-]{subsection.8.5}{\376\377\000R\000a\000t\000i\000o\000n\000a\000l\000i\000t\000y\000\040\000o\000f\000\040\000F\000L\000\040\000P\000a\000r\000t\000i\000c\000i\000p\000a\000t\000i\000o\000n}{section.8}% 39
\BOOKMARK [2][-]{subsection.8.6}{\376\377\000B\000i\000d\000\040\000R\000o\000t\000a\000t\000i\000o\000n\000\040\000a\000n\000d\000\040\000B\000i\000d\000\040\000I\000n\000f\000l\000a\000t\000i\000o\000n}{section.8}% 40
\BOOKMARK [1][-]{section.9}{\376\377\000R\000o\000b\000u\000s\000t\000n\000e\000s\000s\000\040\000a\000n\000d\000\040\000E\000x\000t\000e\000n\000s\000i\000o\000n\000s}{}% 41
\BOOKMARK [2][-]{subsection.9.1}{\376\377\000W\000e\000l\000f\000a\000r\000e\000\040\000B\000o\000u\000n\000d\000s}{section.9}% 42
\BOOKMARK [1][-]{section.10}{\376\377\000P\000o\000l\000i\000c\000y\000\040\000C\000o\000u\000n\000t\000e\000r\000f\000a\000c\000t\000u\000a\000l\000s}{}% 43
\BOOKMARK [1][-]{section.11}{\376\377\000C\000o\000n\000c\000l\000u\000s\000i\000o\000n}{}% 44
\BOOKMARK [1][-]{appendix.A}{\376\377\000P\000r\000o\000o\000f\000s\000\040\000o\000f\000\040\000P\000r\000o\000p\000o\000s\000i\000t\000i\000o\000n\000s}{}% 45
\BOOKMARK [1][-]{appendix.B}{\376\377\000A\000d\000d\000i\000t\000i\000o\000n\000a\000l\000\040\000T\000a\000b\000l\000e\000s\000\040\000a\000n\000d\000\040\000C\000o\000m\000p\000e\000t\000i\000t\000i\000o\000n\000\040\000O\000u\000t\000c\000o\000m\000e\000s}{}% 46
\BOOKMARK [1][-]{appendix.C}{\376\377\000R\000o\000b\000u\000s\000t\000n\000e\000s\000s\000\040\000C\000h\000e\000c\000k\000s}{}% 47
\BOOKMARK [2][-]{subsection.C.1}{\376\377\000D\000e\000t\000e\000c\000t\000i\000o\000n\000\040\000P\000e\000r\000f\000o\000r\000m\000a\000n\000c\000e}{appendix.C}% 48
\BOOKMARK [2][-]{subsection.C.2}{\376\377\000I\000V\000\040\000R\000e\000s\000u\000l\000t\000s}{appendix.C}% 49
\BOOKMARK [2][-]{subsection.C.3}{\376\377\000B\000a\000j\000a\000r\000i\040\023\000Y\000e\000\040\000C\000o\000r\000r\000e\000c\000t\000e\000d\000\040\000R\000e\000s\000u\000l\000t\000s}{appendix.C}% 50
\BOOKMARK [2][-]{subsection.C.4}{\376\377\000M\000e\000c\000h\000a\000n\000i\000s\000m\000\040\000S\000u\000m\000m\000a\000r\000y}{appendix.C}% 51
\BOOKMARK [2][-]{subsection.C.5}{\376\377\000B\000i\000d\000\040\000I\000n\000f\000l\000a\000t\000i\000o\000n}{appendix.C}% 52
\BOOKMARK [2][-]{subsection.C.6}{\376\377\000F\000L\000\040\000E\000n\000t\000r\000y\000\040\000E\000v\000e\000n\000t\000\040\000S\000t\000u\000d\000y}{appendix.C}% 53
\BOOKMARK [2][-]{subsection.C.7}{\376\377\000T\000h\000r\000e\000s\000h\000o\000l\000d\000\040\000S\000e\000n\000s\000i\000t\000i\000v\000i\000t\000y}{appendix.C}% 54
\BOOKMARK [2][-]{subsection.C.8}{\376\377\000F\000L\000\040\000D\000e\000f\000i\000n\000i\000t\000i\000o\000n\000\040\000V\000a\000r\000i\000a\000n\000t\000s}{appendix.C}% 55
\BOOKMARK [2][-]{subsection.C.9}{\376\377\000U\000n\000r\000e\000s\000t\000r\000i\000c\000t\000e\000d\000\040\000S\000a\000m\000p\000l\000e}{appendix.C}% 56
\BOOKMARK [2][-]{subsection.C.10}{\376\377\000H\000o\000m\000o\000g\000e\000n\000e\000o\000u\000s\000\040\000S\000u\000b\000-\000S\000a\000m\000p\000l\000e\000s}{appendix.C}% 57
\BOOKMARK [2][-]{subsection.C.11}{\376\377\000T\000i\000g\000h\000t\000e\000r\000\040\000C\000o\000n\000t\000r\000o\000l\000s}{appendix.C}% 58
\BOOKMARK [2][-]{subsection.C.12}{\376\377\000M\000a\000t\000c\000h\000i\000n\000g\000\040\000E\000s\000t\000i\000m\000a\000t\000o\000r\000s}{appendix.C}% 59
\BOOKMARK [2][-]{subsection.C.13}{\376\377\000A\000l\000t\000e\000r\000n\000a\000t\000i\000v\000e\000\040\000C\000l\000u\000s\000t\000e\000r\000i\000n\000g}{appendix.C}% 60
\BOOKMARK [2][-]{subsection.C.14}{\376\377\000S\000e\000n\000s\000i\000t\000i\000v\000i\000t\000y\000\040\000A\000n\000a\000l\000y\000s\000i\000s}{appendix.C}% 61
\BOOKMARK [2][-]{subsection.C.15}{\376\377\000I\000V\000\040\000B\000a\000l\000a\000n\000c\000e\000\040\000T\000e\000s\000t\000s}{appendix.C}% 62
\BOOKMARK [2][-]{subsection.C.16}{\376\377\000I\000V\000\040\000w\000i\000t\000h\000\040\000I\000t\000e\000m\000-\000G\000r\000o\000u\000p\000\040\000x\000\040\000Y\000e\000a\000r\000\040\000F\000E}{appendix.C}% 63
\BOOKMARK [2][-]{subsection.C.17}{\376\377\000P\000l\000a\000c\000e\000b\000o\000\040\000I\000V}{appendix.C}% 64
\BOOKMARK [2][-]{subsection.C.18}{\376\377\000N\000e\000t\000w\000o\000r\000k\000-\000S\000p\000l\000i\000t\000\040\000I\000V}{appendix.C}% 65
\BOOKMARK [2][-]{subsection.C.19}{\376\377\000O\000v\000e\000r\000s\000i\000g\000h\000t\000\040\000H\000e\000t\000e\000r\000o\000g\000e\000n\000e\000i\000t\000y}{appendix.C}% 66
\BOOKMARK [2][-]{subsection.C.20}{\376\377\000B\000a\000j\000a\000r\000i\040\023\000Y\000e\000\040\000F\000i\000r\000s\000t\000\040\000S\000t\000a\000g\000e\000\040\000a\000n\000d\000\040\000P\000l\000a\000c\000e\000b\000o}{appendix.C}% 67
\BOOKMARK [2][-]{subsection.C.21}{\376\377\000B\000a\000j\000a\000r\000i\040\023\000Y\000e\000\040\000T\000e\000n\000d\000e\000r\000\040\000F\000i\000x\000e\000d\000\040\000E\000f\000f\000e\000c\000t\000s}{appendix.C}% 68
\BOOKMARK [2][-]{subsection.C.22}{\376\377\000N\000e\000t\000w\000o\000r\000k\000\040\000I\000n\000t\000e\000r\000a\000c\000t\000i\000o\000n\000s}{appendix.C}% 69
\BOOKMARK [2][-]{subsection.C.23}{\376\377\000F\000L\000\040\000D\000i\000s\000t\000r\000i\000b\000u\000t\000i\000o\000n\000\040\000F\000i\000g\000u\000r\000e\000s}{appendix.C}% 70
\BOOKMARK [2][-]{subsection.C.24}{\376\377\000I\000m\000h\000o\000f\000\040\000C\000o\000m\000p\000a\000r\000i\000s\000o\000n}{appendix.C}% 71
\BOOKMARK [2][-]{subsection.C.25}{\376\377\000T\000h\000r\000e\000s\000h\000o\000l\000d\000\040\000S\000t\000a\000b\000i\000l\000i\000t\000y}{appendix.C}% 72
\BOOKMARK [2][-]{subsection.C.26}{\376\377\000C\000l\000a\000s\000s\000i\000f\000i\000c\000a\000t\000i\000o\000n\000\040\000R\000o\000b\000u\000s\000t\000n\000e\000s\000s}{appendix.C}% 73
\BOOKMARK [2][-]{subsection.C.27}{\376\377\000C\000l\000a\000s\000s\000i\000f\000i\000c\000a\000t\000i\000o\000n\000\040\000R\000o\000b\000u\000s\000t\000n\000e\000s\000s\000:\000\040\000I\000Q\000R\000\040\000R\000u\000l\000e\000\040\000v\000s\000.\000\040\000M\000o\000d\000e\000l\000-\000B\000a\000s\000e\000d\000\040\000A\000l\000t\000e\000r\000n\000a\000t\000i\000v\000e\000s}{appendix.C}% 74
\BOOKMARK [1][-]{appendix.D}{\376\377\000S\000t\000a\000g\000g\000e\000r\000e\000d\000\040\000D\000i\000f\000f\000e\000r\000e\000n\000c\000e\000-\000i\000n\000-\000D\000i\000f\000f\000e\000r\000e\000n\000c\000e\000s}{}% 75
\BOOKMARK [1][-]{appendix.E}{\376\377\000E\000x\000t\000e\000n\000s\000i\000o\000n\000s}{}% 76
\BOOKMARK [2][-]{subsection.E.1}{\376\377\000W\000e\000l\000f\000a\000r\000e\000\040\000A\000n\000a\000l\000y\000s\000i\000s}{appendix.E}% 77
\BOOKMARK [2][-]{subsection.E.2}{\376\377\000Y\000e\000a\000r\000-\000b\000y\000-\000Y\000e\000a\000r\000\040\000C\000o\000e\000f\000f\000i\000c\000i\000e\000n\000t\000s}{appendix.E}% 78
\BOOKMARK [2][-]{subsection.E.3}{\376\377\000R\000e\000g\000i\000m\000e\000\040\000T\000e\000s\000t}{appendix.E}% 79
\BOOKMARK [2][-]{subsection.E.4}{\376\377\000F\000L\000\040\000D\000e\000f\000i\000n\000i\000t\000i\000o\000n\000\040\000R\000o\000b\000u\000s\000t\000n\000e\000s\000s}{appendix.E}% 80
\BOOKMARK [1][-]{appendix.F}{\376\377\000H\000e\000t\000e\000r\000o\000g\000e\000n\000e\000i\000t\000y\000\040\000a\000n\000d\000\040\000F\000L\000\040\000C\000h\000a\000r\000a\000c\000t\000e\000r\000i\000s\000t\000i\000c\000s}{}% 81
