\BOOKMARK [1][-]{section.1}{\376\377\000I\000n\000t\000r\000o\000d\000u\000c\000t\000i\000o\000n}{}% 1
\BOOKMARK [2][-]{subsection.1.1}{\376\377\000C\000o\000n\000t\000r\000i\000b\000u\000t\000i\000o\000n\000s}{section.1}% 2
\BOOKMARK [1][-]{section.2}{\376\377\000R\000e\000l\000a\000t\000e\000d\000\040\000L\000i\000t\000e\000r\000a\000t\000u\000r\000e}{}% 3
\BOOKMARK [1][-]{section.3}{\376\377\000T\000h\000e\000o\000r\000e\000t\000i\000c\000a\000l\000\040\000F\000r\000a\000m\000e\000w\000o\000r\000k}{}% 4
\BOOKMARK [2][-]{subsection.3.1}{\376\377\000C\000o\000v\000e\000r\000\040\000B\000i\000d\000d\000i\000n\000g\000\040\000i\000n\000\040\000P\000r\000o\000c\000u\000r\000e\000m\000e\000n\000t\000\040\000A\000u\000c\000t\000i\000o\000n\000s}{section.3}% 5
\BOOKMARK [2][-]{subsection.3.2}{\376\377\000T\000w\000o\000\040\000R\000e\000g\000i\000m\000e\000s\000\040\000o\000f\000\040\000C\000o\000v\000e\000r\000\040\000B\000i\000d\000d\000i\000n\000g}{section.3}% 6
\BOOKMARK [2][-]{subsection.3.3}{\376\377\000C\000o\000m\000p\000a\000r\000a\000t\000i\000v\000e\000\040\000S\000t\000a\000t\000i\000c\000s}{section.3}% 7
\BOOKMARK [2][-]{subsection.3.4}{\376\377\000T\000e\000s\000t\000a\000b\000l\000e\000\040\000P\000r\000e\000d\000i\000c\000t\000i\000o\000n\000s}{section.3}% 8
\BOOKMARK [1][-]{section.4}{\376\377\000D\000a\000t\000a\000\040\000a\000n\000d\000\040\000F\000r\000e\000q\000u\000e\000n\000t\000\040\000L\000o\000s\000e\000r\000s\000\040\000D\000e\000f\000i\000n\000i\000t\000i\000o\000n}{}% 9
\BOOKMARK [2][-]{subsection.4.1}{\376\377\000B\000E\000C\000\040\000P\000l\000a\000t\000f\000o\000r\000m}{section.4}% 10
\BOOKMARK [2][-]{subsection.4.2}{\376\377\000F\000r\000e\000q\000u\000e\000n\000t\000\040\000L\000o\000s\000e\000r\000s\000\040\000D\000e\000f\000i\000n\000i\000t\000i\000o\000n}{section.4}% 11
\BOOKMARK [2][-]{subsection.4.3}{\376\377\000S\000a\000m\000p\000l\000e\000\040\000C\000o\000n\000s\000t\000r\000u\000c\000t\000i\000o\000n}{section.4}% 12
\BOOKMARK [1][-]{section.5}{\376\377\000E\000x\000t\000e\000r\000n\000a\000l\000\040\000V\000a\000l\000i\000d\000a\000t\000i\000o\000n\000:\000\040\000C\000A\000D\000E\000\040\000C\000a\000r\000t\000e\000l\000\040\000C\000o\000n\000v\000i\000c\000t\000i\000o\000n\000s}{}% 13
\BOOKMARK [1][-]{section.6}{\376\377\000M\000a\000i\000n\000\040\000R\000e\000s\000u\000l\000t\000s}{}% 14
\BOOKMARK [2][-]{subsection.6.1}{\376\377\000E\000m\000p\000i\000r\000i\000c\000a\000l\000\040\000S\000t\000r\000a\000t\000e\000g\000y}{section.6}% 15
\BOOKMARK [2][-]{subsection.6.2}{\376\377\000P\000r\000i\000c\000e\000\040\000a\000n\000d\000\040\000C\000o\000m\000p\000e\000t\000i\000t\000i\000o\000n\000\040\000E\000f\000f\000e\000c\000t\000s}{section.6}% 16
\BOOKMARK [2][-]{subsection.6.3}{\376\377\000B\000a\000j\000a\000r\000i\000-\000Y\000e\000\040\000T\000e\000s\000t\000s}{section.6}% 17
\BOOKMARK [2][-]{subsection.6.4}{\376\377\000R\000e\000g\000i\000m\000e\000\040\000T\000e\000s\000t}{section.6}% 18
\BOOKMARK [1][-]{section.7}{\376\377\000M\000e\000c\000h\000a\000n\000i\000s\000m\000s\000\040\000a\000n\000d\000\040\000A\000l\000t\000e\000r\000n\000a\000t\000i\000v\000e\000\040\000E\000x\000p\000l\000a\000n\000a\000t\000i\000o\000n\000s}{}% 19
\BOOKMARK [2][-]{subsection.7.1}{\376\377\000M\0001\000:\000\040\000S\000t\000r\000a\000t\000e\000g\000i\000c\000\040\000S\000e\000l\000e\000c\000t\000i\000o\000n\000\040\000v\000s\000.\000\040\000C\000o\000m\000p\000e\000t\000i\000t\000i\000v\000e\000\040\000D\000i\000s\000p\000l\000a\000c\000e\000m\000e\000n\000t}{section.7}% 20
\BOOKMARK [2][-]{subsection.7.2}{\376\377\000M\0002\000:\000\040\000R\000e\000f\000e\000r\000e\000n\000c\000e\000\040\000P\000r\000i\000c\000e\000\040\000C\000a\000l\000i\000b\000r\000a\000t\000i\000o\000n}{section.7}% 21
\BOOKMARK [2][-]{subsection.7.3}{\376\377\000M\0003\000:\000\040\000R\000e\000v\000e\000r\000s\000e\000\040\000C\000a\000u\000s\000a\000l\000i\000t\000y}{section.7}% 22
\BOOKMARK [1][-]{section.8}{\376\377\000R\000o\000b\000u\000s\000t\000n\000e\000s\000s\000\040\000a\000n\000d\000\040\000E\000x\000t\000e\000n\000s\000i\000o\000n\000s}{}% 23
\BOOKMARK [2][-]{subsection.8.1}{\376\377\000T\000h\000r\000e\000s\000h\000o\000l\000d\000\040\000S\000e\000n\000s\000i\000t\000i\000v\000i\000t\000y}{section.8}% 24
\BOOKMARK [2][-]{subsection.8.2}{\376\377\000M\000a\000t\000c\000h\000i\000n\000g\000\040\000E\000s\000t\000i\000m\000a\000t\000o\000r\000s}{section.8}% 25
\BOOKMARK [2][-]{subsection.8.3}{\376\377\000C\000o\000n\000t\000i\000n\000u\000o\000u\000s\000\040\000T\000r\000e\000a\000t\000m\000e\000n\000t}{section.8}% 26
\BOOKMARK [2][-]{subsection.8.4}{\376\377\000S\000e\000n\000s\000i\000t\000i\000v\000i\000t\000y\000\040\000A\000n\000a\000l\000y\000s\000i\000s}{section.8}% 27
\BOOKMARK [2][-]{subsection.8.5}{\376\377\000A\000l\000t\000e\000r\000n\000a\000t\000i\000v\000e\000\040\000C\000l\000u\000s\000t\000e\000r\000i\000n\000g\000\040\000a\000n\000d\000\040\000S\000t\000a\000n\000d\000a\000r\000d\000\040\000E\000r\000r\000o\000r\000s}{section.8}% 28
\BOOKMARK [2][-]{subsection.8.6}{\376\377\000S\000t\000a\000g\000g\000e\000r\000e\000d\000\040\000D\000i\000f\000f\000e\000r\000e\000n\000c\000e\000-\000i\000n\000-\000D\000i\000f\000f\000e\000r\000e\000n\000c\000e\000s}{section.8}% 29
\BOOKMARK [2][-]{subsection.8.7}{\376\377\000M\000L\000\040\000S\000c\000r\000e\000e\000n\000\040\000C\000o\000m\000p\000a\000r\000i\000s\000o\000n}{section.8}% 30
\BOOKMARK [2][-]{subsection.8.8}{\376\377\000W\000e\000l\000f\000a\000r\000e\000\040\000A\000n\000a\000l\000y\000s\000i\000s}{section.8}% 31
\BOOKMARK [2][-]{subsection.8.9}{\376\377\000H\000e\000t\000e\000r\000o\000g\000e\000n\000e\000i\000t\000y\000\040\000A\000n\000a\000l\000y\000s\000i\000s}{section.8}% 32
\BOOKMARK [2][-]{subsection.8.10}{\376\377\000R\000D\000D\000\040\000I\000n\000f\000e\000a\000s\000i\000b\000i\000l\000i\000t\000y}{section.8}% 33
\BOOKMARK [2][-]{subsection.8.11}{\376\377\000A\000d\000d\000i\000t\000i\000o\000n\000a\000l\000\040\000C\000h\000e\000c\000k\000s}{section.8}% 34
\BOOKMARK [1][-]{section.9}{\376\377\000C\000o\000n\000c\000l\000u\000s\000i\000o\000n}{}% 35
\BOOKMARK [1][-]{appendix.A}{\376\377\000A\000d\000d\000i\000t\000i\000o\000n\000a\000l\000\040\000C\000o\000m\000p\000e\000t\000i\000t\000i\000o\000n\000\040\000O\000u\000t\000c\000o\000m\000e\000s}{}% 36
\BOOKMARK [1][-]{appendix.B}{\376\377\000R\000o\000b\000u\000s\000t\000n\000e\000s\000s\000\040\000C\000h\000e\000c\000k\000s}{}% 37
\BOOKMARK [2][-]{subsection.B.1}{\376\377\000T\000h\000r\000e\000s\000h\000o\000l\000d\000\040\000S\000e\000n\000s\000i\000t\000i\000v\000i\000t\000y}{appendix.B}% 38
\BOOKMARK [2][-]{subsection.B.2}{\376\377\000M\000a\000t\000c\000h\000i\000n\000g\000\040\000E\000s\000t\000i\000m\000a\000t\000o\000r\000s}{appendix.B}% 39
\BOOKMARK [2][-]{subsection.B.3}{\376\377\000C\000o\000n\000t\000i\000n\000u\000o\000u\000s\000\040\000T\000r\000e\000a\000t\000m\000e\000n\000t}{appendix.B}% 40
\BOOKMARK [2][-]{subsection.B.4}{\376\377\000A\000l\000t\000e\000r\000n\000a\000t\000i\000v\000e\000\040\000C\000l\000u\000s\000t\000e\000r\000i\000n\000g}{appendix.B}% 41
\BOOKMARK [2][-]{subsection.B.5}{\376\377\000C\000o\000v\000a\000r\000i\000a\000t\000e\000\040\000B\000a\000l\000a\000n\000c\000e}{appendix.B}% 42
\BOOKMARK [2][-]{subsection.B.6}{\376\377\000S\000e\000n\000s\000i\000t\000i\000v\000i\000t\000y\000\040\000A\000n\000a\000l\000y\000s\000i\000s}{appendix.B}% 43
\BOOKMARK [1][-]{appendix.C}{\376\377\000S\000t\000a\000g\000g\000e\000r\000e\000d\000\040\000D\000i\000f\000f\000e\000r\000e\000n\000c\000e\000-\000i\000n\000-\000D\000i\000f\000f\000e\000r\000e\000n\000c\000e\000s}{}% 44
\BOOKMARK [1][-]{appendix.D}{\376\377\000E\000x\000t\000e\000n\000s\000i\000o\000n\000s}{}% 45
\BOOKMARK [2][-]{subsection.D.1}{\376\377\000M\000L\000\040\000S\000c\000r\000e\000e\000n\000\040\000C\000o\000m\000p\000a\000r\000i\000s\000o\000n}{appendix.D}% 46
\BOOKMARK [2][-]{subsection.D.2}{\376\377\000W\000e\000l\000f\000a\000r\000e\000\040\000A\000n\000a\000l\000y\000s\000i\000s}{appendix.D}% 47
\BOOKMARK [2][-]{subsection.D.3}{\376\377\000A\000d\000d\000i\000t\000i\000o\000n\000a\000l\000\040\000D\000e\000p\000e\000n\000d\000e\000n\000t\000\040\000V\000a\000r\000i\000a\000b\000l\000e\000s}{appendix.D}% 48
\BOOKMARK [2][-]{subsection.D.4}{\376\377\000Y\000e\000a\000r\000-\000b\000y\000-\000Y\000e\000a\000r\000\040\000C\000o\000e\000f\000f\000i\000c\000i\000e\000n\000t\000s}{appendix.D}% 49
\BOOKMARK [1][-]{appendix.E}{\376\377\000H\000e\000t\000e\000r\000o\000g\000e\000n\000e\000i\000t\000y\000\040\000a\000n\000d\000\040\000F\000L\000\040\000C\000h\000a\000r\000a\000c\000t\000e\000r\000i\000s\000t\000i\000c\000s}{}% 50
\BOOKMARK [2][-]{subsection.E.1}{\376\377\000H\000e\000t\000e\000r\000o\000g\000e\000n\000e\000i\000t\000y\000\040\000b\000y\000\040\000P\000B\000U\000\040\000S\000i\000z\000e\000\040\000a\000n\000d\000\040\000T\000e\000n\000d\000e\000r\000\040\000V\000a\000l\000u\000e}{appendix.E}% 51
\BOOKMARK [2][-]{subsection.E.2}{\376\377\000H\000e\000t\000e\000r\000o\000g\000e\000n\000e\000i\000t\000y\000\040\000b\000y\000\040\000I\000t\000e\000m\000\040\000G\000r\000o\000u\000p}{appendix.E}% 52
\BOOKMARK [2][-]{subsection.E.3}{\376\377\000F\000L\000\040\000F\000i\000r\000m\000\040\000C\000h\000a\000r\000a\000c\000t\000e\000r\000i\000s\000t\000i\000c\000s}{appendix.E}% 53
