\BOOKMARK [1][-]{appendix.A}{\376\377\000I\000n\000s\000t\000i\000t\000u\000t\000i\000o\000n\000a\000l\000\040\000D\000e\000t\000a\000i\000l\000s}{}% 1
\BOOKMARK [2][-]{subsection.A.1}{\376\377\000L\000e\000g\000a\000l\000\040\000t\000i\000m\000e\000l\000i\000n\000e}{appendix.A}% 2
\BOOKMARK [2][-]{subsection.A.2}{\376\377\000P\000l\000a\000t\000f\000o\000r\000m\000,\000\040\000p\000r\000o\000d\000u\000c\000t\000s\000,\000\040\000a\000n\000d\000\040\000s\000a\000m\000p\000l\000e}{appendix.A}% 3
\BOOKMARK [1][-]{appendix.B}{\376\377\000R\000e\000d\000u\000c\000e\000d\000-\000F\000o\000r\000m\000\040\000V\000a\000l\000i\000d\000a\000t\000i\000o\000n}{}% 4
\BOOKMARK [2][-]{subsection.B.1}{\376\377\000B\000a\000l\000a\000n\000c\000e\000\040\000a\000n\000d\000\040\000s\000c\000o\000p\000e\000\040\000o\000f\000\040\000t\000h\000e\000\040\000c\000o\000m\000p\000a\000r\000i\000s\000o\000n}{appendix.B}% 5
\BOOKMARK [2][-]{subsection.B.2}{\376\377\000P\000l\000a\000c\000e\000b\000o\000\040\000t\000i\000m\000i\000n\000g\000\040\000a\000n\000d\000\040\000a\000l\000t\000e\000r\000n\000a\000t\000i\000v\000e\000\040\000e\000s\000t\000i\000m\000a\000t\000o\000r\000s}{appendix.B}% 6
\BOOKMARK [2][-]{subsection.B.3}{\376\377\000W\000i\000t\000h\000i\000n\000-\000G\000r\000o\000u\000p\000-\0006\0005\000\040\000f\000a\000l\000s\000i\000f\000i\000c\000a\000t\000i\000o\000n\000:\000\040\000m\000e\000d\000i\000c\000a\000t\000i\000o\000n\000s\000\040\000v\000e\000r\000s\000u\000s\000\040\000o\000t\000h\000e\000r\000\040\000s\000u\000p\000p\000l\000i\000e\000s}{appendix.B}% 7
\BOOKMARK [2][-]{subsection.B.4}{\376\377\000R\000A\000I\000S\000\040\000v\000a\000l\000i\000d\000a\000t\000i\000o\000n\000\040\000a\000n\000d\000\040\000t\000h\000e\000\040\000f\000i\000r\000m\000-\000s\000i\000z\000e\000\040\000c\000o\000m\000p\000o\000s\000i\000t\000i\000o\000n\000\040\000c\000h\000a\000n\000n\000e\000l}{appendix.B}% 8
\BOOKMARK [1][-]{appendix.C}{\376\377\000W\000i\000l\000l\000i\000n\000g\000n\000e\000s\000s\000-\000t\000o\000-\000S\000u\000p\000p\000l\000y\000\040\000R\000e\000c\000o\000v\000e\000r\000y\000\040\000a\000n\000d\000\040\000S\000t\000r\000u\000c\000t\000u\000r\000a\000l\000\040\000E\000s\000t\000i\000m\000a\000t\000i\000o\000n}{}% 9
\BOOKMARK [2][-]{subsection.C.1}{\376\377\000D\000r\000o\000p\000-\000o\000u\000t\000\040\000b\000i\000d\000s\000\040\000a\000n\000d\000\040\000w\000i\000n\000n\000e\000r\000\040\000c\000e\000n\000s\000o\000r\000i\000n\000g}{appendix.C}% 10
\BOOKMARK [2][-]{subsection.C.2}{\376\377\000A\000u\000c\000t\000i\000o\000n\000-\000l\000e\000v\000e\000l\000\040\000h\000e\000t\000e\000r\000o\000g\000e\000n\000e\000i\000t\000y\000\040\000a\000n\000d\000\040\000c\000r\000o\000s\000s\000-\000m\000o\000d\000a\000l\000i\000t\000y\000\040\000c\000o\000m\000p\000a\000r\000i\000s\000o\000n}{appendix.C}% 11
\BOOKMARK [2][-]{subsection.C.3}{\376\377\000R\000o\000b\000u\000s\000t\000n\000e\000s\000s\000\040\000t\000o\000\040\000d\000e\000p\000a\000r\000t\000u\000r\000e\000s\000\040\000f\000r\000o\000m\000\040\000e\000x\000i\000t\000-\000a\000t\000-\000c\000o\000s\000t}{appendix.C}% 12
\BOOKMARK [1][-]{appendix.D}{\376\377\000M\000e\000c\000h\000a\000n\000i\000s\000m\000\040\000R\000o\000b\000u\000s\000t\000n\000e\000s\000s\000\040\000a\000n\000d\000\040\000C\000o\000n\000d\000u\000c\000t\000\040\000T\000h\000r\000e\000a\000t\000s}{}% 13
\BOOKMARK [2][-]{subsection.D.1}{\376\377\000S\000t\000r\000i\000c\000t\000\040\000i\000n\000v\000a\000r\000i\000a\000n\000c\000e\000\040\000a\000n\000d\000\040\000p\000r\000o\000t\000e\000c\000t\000e\000d\000-\000p\000o\000o\000l\000\040\000c\000o\000m\000p\000o\000s\000i\000t\000i\000o\000n}{appendix.D}% 14
\BOOKMARK [2][-]{subsection.D.2}{\376\377\000E\000n\000t\000r\000y\000\040\000c\000o\000u\000n\000t\000s\000,\000\040\000f\000i\000l\000t\000e\000r\000s\000,\000\040\000a\000n\000d\000\040\000d\000e\000p\000e\000n\000d\000e\000n\000c\000e}{appendix.D}% 15
\BOOKMARK [2][-]{subsection.D.3}{\376\377\000C\000o\000o\000r\000d\000i\000n\000a\000t\000i\000o\000n\000\040\000s\000c\000r\000e\000e\000n\000s}{appendix.D}% 16
\BOOKMARK [2][-]{subsection.D.4}{\376\377\000R\000e\000f\000e\000r\000e\000n\000c\000e\000-\000p\000r\000i\000c\000e\000\040\000v\000a\000l\000i\000d\000a\000t\000i\000o\000n}{appendix.D}% 17
\BOOKMARK [1][-]{appendix.E}{\376\377\000S\000t\000a\000t\000i\000c\000\040\000W\000e\000l\000f\000a\000r\000e\000\040\000a\000n\000d\000\040\000P\000o\000l\000i\000c\000y\000\040\000B\000e\000n\000c\000h\000m\000a\000r\000k\000\040\000D\000e\000t\000a\000i\000l\000s}{}% 18
\BOOKMARK [2][-]{subsection.E.1}{\376\377\000L\000a\000m\000b\000d\000a\000\040\000g\000r\000i\000d}{appendix.E}% 19
\BOOKMARK [2][-]{subsection.E.2}{\376\377\000P\000r\000e\000f\000e\000r\000e\000n\000c\000e\000\040\000g\000r\000i\000d\000\040\000a\000n\000d\000\040\000w\000e\000l\000f\000a\000r\000e\000\040\000w\000e\000i\000g\000h\000t\000s}{appendix.E}% 20
\BOOKMARK [2][-]{subsection.E.3}{\376\377\000E\000n\000t\000r\000y\000-\000r\000e\000s\000p\000o\000n\000s\000e\000\040\000b\000o\000u\000n\000d\000\040\000o\000n\000\040\000t\000h\000e\000\040\000w\000e\000l\000f\000a\000r\000e\000\040\000r\000a\000n\000k\000i\000n\000g}{appendix.E}% 21
\BOOKMARK [2][-]{subsection.E.4}{\376\377\000A\000n\000n\000u\000a\000l\000\040\000s\000c\000a\000l\000i\000n\000g}{appendix.E}% 22
