\BOOKMARK [1][-]{section.6}{\376\377\000A\000d\000d\000i\000t\000i\000o\000n\000a\000l\000\040\000C\000o\000m\000p\000e\000t\000i\000t\000i\000o\000n\000\040\000O\000u\000t\000c\000o\000m\000e\000s}{}% 1
\BOOKMARK [1][-]{section.7}{\376\377\000A\000d\000d\000i\000t\000i\000o\000n\000a\000l\000\040\000R\000o\000b\000u\000s\000t\000n\000e\000s\000s\000\040\000C\000h\000e\000c\000k\000s}{}% 2
\BOOKMARK [2][-]{subsection.7.1}{\376\377\000D\000e\000t\000e\000c\000t\000i\000o\000n\000\040\000P\000e\000r\000f\000o\000r\000m\000a\000n\000c\000e}{section.7}% 3
\BOOKMARK [2][-]{subsection.7.2}{\376\377\000M\000e\000c\000h\000a\000n\000i\000s\000m\000\040\000S\000u\000m\000m\000a\000r\000y}{section.7}% 4
\BOOKMARK [2][-]{subsection.7.3}{\376\377\000F\000L\000\040\000P\000a\000r\000t\000i\000c\000i\000p\000a\000t\000i\000o\000n\000\040\000R\000a\000t\000i\000o\000n\000a\000l\000i\000t\000y}{section.7}% 5
\BOOKMARK [2][-]{subsection.7.4}{\376\377\000B\000i\000d\000\040\000I\000n\000f\000l\000a\000t\000i\000o\000n}{section.7}% 6
\BOOKMARK [2][-]{subsection.7.5}{\376\377\000F\000L\000\040\000E\000n\000t\000r\000y\000\040\000E\000v\000e\000n\000t\000\040\000S\000t\000u\000d\000y}{section.7}% 7
\BOOKMARK [2][-]{subsection.7.6}{\376\377\000F\000L\000\040\000D\000e\000f\000i\000n\000i\000t\000i\000o\000n\000\040\000V\000a\000r\000i\000a\000n\000t\000s}{section.7}% 8
\BOOKMARK [2][-]{subsection.7.7}{\376\377\000U\000n\000r\000e\000s\000t\000r\000i\000c\000t\000e\000d\000\040\000S\000a\000m\000p\000l\000e}{section.7}% 9
\BOOKMARK [2][-]{subsection.7.8}{\376\377\000H\000o\000m\000o\000g\000e\000n\000e\000o\000u\000s\000\040\000S\000u\000b\000-\000S\000a\000m\000p\000l\000e\000s}{section.7}% 10
\BOOKMARK [2][-]{subsection.7.9}{\376\377\000T\000i\000g\000h\000t\000e\000r\000\040\000C\000o\000n\000t\000r\000o\000l\000s}{section.7}% 11
\BOOKMARK [2][-]{subsection.7.10}{\376\377\000M\000a\000t\000c\000h\000i\000n\000g\000\040\000E\000s\000t\000i\000m\000a\000t\000o\000r\000s}{section.7}% 12
\BOOKMARK [2][-]{subsection.7.11}{\376\377\000A\000l\000t\000e\000r\000n\000a\000t\000i\000v\000e\000\040\000C\000l\000u\000s\000t\000e\000r\000i\000n\000g}{section.7}% 13
\BOOKMARK [2][-]{subsection.7.12}{\376\377\000S\000e\000n\000s\000i\000t\000i\000v\000i\000t\000y\000\040\000A\000n\000a\000l\000y\000s\000i\000s}{section.7}% 14
\BOOKMARK [2][-]{subsection.7.13}{\376\377\000I\000V\000\040\000B\000a\000l\000a\000n\000c\000e\000\040\000T\000e\000s\000t\000s}{section.7}% 15
\BOOKMARK [2][-]{subsection.7.14}{\376\377\000I\000V\000\040\000w\000i\000t\000h\000\040\000I\000t\000e\000m\000-\000G\000r\000o\000u\000p\000\040\000x\000\040\000Y\000e\000a\000r\000\040\000F\000E}{section.7}% 16
\BOOKMARK [2][-]{subsection.7.15}{\376\377\000P\000l\000a\000c\000e\000b\000o\000\040\000I\000V}{section.7}% 17
\BOOKMARK [2][-]{subsection.7.16}{\376\377\000N\000e\000t\000w\000o\000r\000k\000-\000S\000p\000l\000i\000t\000\040\000I\000V}{section.7}% 18
\BOOKMARK [2][-]{subsection.7.17}{\376\377\000O\000v\000e\000r\000s\000i\000g\000h\000t\000\040\000H\000e\000t\000e\000r\000o\000g\000e\000n\000e\000i\000t\000y}{section.7}% 19
\BOOKMARK [2][-]{subsection.7.18}{\376\377\000B\000a\000j\000a\000r\000i\040\023\000Y\000e\000\040\000F\000i\000r\000s\000t\000\040\000S\000t\000a\000g\000e\000\040\000a\000n\000d\000\040\000P\000l\000a\000c\000e\000b\000o}{section.7}% 20
\BOOKMARK [2][-]{subsection.7.19}{\376\377\000B\000a\000j\000a\000r\000i\040\023\000Y\000e\000\040\000T\000e\000n\000d\000e\000r\000\040\000F\000i\000x\000e\000d\000\040\000E\000f\000f\000e\000c\000t\000s}{section.7}% 21
\BOOKMARK [2][-]{subsection.7.20}{\376\377\000N\000e\000t\000w\000o\000r\000k\000\040\000I\000n\000t\000e\000r\000a\000c\000t\000i\000o\000n\000s}{section.7}% 22
\BOOKMARK [2][-]{subsection.7.21}{\376\377\000O\000s\000t\000e\000r\000\040\000C\000o\000e\000f\000f\000i\000c\000i\000e\000n\000t\000\040\000S\000t\000a\000b\000i\000l\000i\000t\000y}{section.7}% 23
\BOOKMARK [2][-]{subsection.7.22}{\376\377\000D\000y\000a\000d\000i\000c\000\040\000L\000i\000n\000k\000a\000g\000e\000\040\000P\000e\000r\000m\000u\000t\000a\000t\000i\000o\000n\000\040\000T\000e\000s\000t}{section.7}% 24
\BOOKMARK [2][-]{subsection.7.23}{\376\377\000C\000o\000x\000\040\000S\000u\000r\000v\000i\000v\000a\000l\000\040\000M\000o\000d\000e\000l}{section.7}% 25
\BOOKMARK [2][-]{subsection.7.24}{\376\377\000N\000e\000t\000w\000o\000r\000k\000\040\000G\000r\000a\000p\000h}{section.7}% 26
\BOOKMARK [2][-]{subsection.7.25}{\376\377\000T\000h\000r\000e\000s\000h\000o\000l\000d\000\040\000S\000e\000n\000s\000i\000t\000i\000v\000i\000t\000y\000\040\000H\000e\000a\000t\000m\000a\000p}{section.7}% 27
\BOOKMARK [2][-]{subsection.7.26}{\376\377\000W\000e\000l\000f\000a\000r\000e\000\040\000H\000e\000a\000t\000m\000a\000p\000:\000\040\000N\000e\000t\000\040\000S\000a\000v\000i\000n\000g\000s\000\040\000v\000s\000.\000\040\000I\000n\000v\000e\000s\000t\000i\000g\000a\000t\000i\000o\000n\000\040\000C\000o\000s\000t}{section.7}% 28
\BOOKMARK [2][-]{subsection.7.27}{\376\377\000D\000e\000n\000s\000i\000t\000y\000\040\000S\000h\000i\000f\000t\000:\000\040\000F\000L\000\040\000v\000s\000.\000\040\000N\000o\000n\000-\000F\000L\000\040\000B\000i\000d\000s}{section.7}% 29
\BOOKMARK [2][-]{subsection.7.28}{\376\377\000F\000L\000\040\000D\000i\000s\000t\000r\000i\000b\000u\000t\000i\000o\000n\000\040\000F\000i\000g\000u\000r\000e\000s}{section.7}% 30
\BOOKMARK [2][-]{subsection.7.29}{\376\377\000T\000h\000r\000e\000s\000h\000o\000l\000d\000\040\000S\000t\000a\000b\000i\000l\000i\000t\000y}{section.7}% 31
\BOOKMARK [2][-]{subsection.7.30}{\376\377\000C\000l\000a\000s\000s\000i\000f\000i\000c\000a\000t\000i\000o\000n\000\040\000R\000o\000b\000u\000s\000t\000n\000e\000s\000s}{section.7}% 32
\BOOKMARK [2][-]{subsection.7.31}{\376\377\000C\000l\000a\000s\000s\000i\000f\000i\000c\000a\000t\000i\000o\000n\000\040\000R\000o\000b\000u\000s\000t\000n\000e\000s\000s\000:\000\040\000I\000Q\000R\000\040\000R\000u\000l\000e\000\040\000v\000s\000.\000\040\000M\000o\000d\000e\000l\000-\000B\000a\000s\000e\000d\000\040\000A\000l\000t\000e\000r\000n\000a\000t\000i\000v\000e\000s}{section.7}% 33
\BOOKMARK [1][-]{section.8}{\376\377\000W\000e\000l\000f\000a\000r\000e\000\040\000A\000n\000a\000l\000y\000s\000i\000s\000\040\000a\000n\000d\000\040\000P\000o\000l\000i\000c\000y\000\040\000C\000o\000u\000n\000t\000e\000r\000f\000a\000c\000t\000u\000a\000l\000s}{}% 34
\BOOKMARK [2][-]{subsection.8.1}{\376\377\000C\000o\000s\000t\000-\000B\000e\000n\000e\000f\000i\000t\000\040\000o\000f\000\040\000S\000c\000r\000e\000e\000n\000i\000n\000g\000\040\000D\000e\000p\000l\000o\000y\000m\000e\000n\000t}{section.8}% 35
\BOOKMARK [2][-]{subsection.8.2}{\376\377\000Y\000e\000a\000r\000-\000b\000y\000-\000Y\000e\000a\000r\000\040\000C\000o\000e\000f\000f\000i\000c\000i\000e\000n\000t\000s}{section.8}% 36
\BOOKMARK [2][-]{subsection.8.3}{\376\377\000F\000L\000\040\000D\000e\000f\000i\000n\000i\000t\000i\000o\000n\000\040\000R\000o\000b\000u\000s\000t\000n\000e\000s\000s}{section.8}% 37
\BOOKMARK [1][-]{section.9}{\376\377\000H\000e\000t\000e\000r\000o\000g\000e\000n\000e\000i\000t\000y\000\040\000a\000n\000d\000\040\000F\000L\000\040\000C\000h\000a\000r\000a\000c\000t\000e\000r\000i\000s\000t\000i\000c\000s}{}% 38
