\BOOKMARK [1][-]{appendix.A}{\376\377\000S\000c\000r\000e\000e\000n\000i\000n\000g\000\040\000F\000r\000a\000m\000e\000w\000o\000r\000k\000\040\000a\000n\000d\000\040\000L\000e\000g\000a\000l\000\040\000S\000c\000o\000p\000e}{}% 1
\BOOKMARK [2][-]{subsection.A.1}{\376\377\000P\000r\000i\000m\000i\000t\000i\000v\000e\000s}{appendix.A}% 2
\BOOKMARK [2][-]{subsection.A.2}{\376\377\000P\000a\000r\000t\000i\000c\000i\000p\000a\000t\000i\000o\000n\000\040\000a\000s\000\040\000a\000\040\000R\000a\000n\000k\000i\000n\000g\000\040\000S\000t\000a\000t\000i\000s\000t\000i\000c}{appendix.A}% 3
\BOOKMARK [2][-]{subsection.A.3}{\376\377\000W\000h\000y\000\040\000t\000h\000e\000\040\000S\000c\000r\000e\000e\000n\000\040\000I\000s\000\040\000N\000o\000t\000\040\000P\000r\000o\000o\000f}{appendix.A}% 4
\BOOKMARK [1][-]{appendix.B}{\376\377\000D\000a\000t\000a\000\040\000C\000o\000n\000s\000t\000r\000u\000c\000t\000i\000o\000n\000\040\000a\000n\000d\000\040\000V\000a\000l\000i\000d\000a\000t\000i\000o\000n\000\040\000L\000a\000b\000e\000l\000s}{}% 5
\BOOKMARK [2][-]{subsection.B.1}{\376\377\000A\000w\000a\000r\000d\000-\000R\000e\000c\000o\000r\000d\000\040\000U\000n\000i\000v\000e\000r\000s\000e}{appendix.B}% 6
\BOOKMARK [2][-]{subsection.B.2}{\376\377\000M\000a\000t\000c\000h\000i\000n\000g\000\040\000C\000A\000D\000E\000\040\000D\000e\000f\000e\000n\000d\000a\000n\000t\000s\000\040\000t\000o\000\040\000B\000E\000C\000\040\000F\000i\000r\000m\000s}{appendix.B}% 7
\BOOKMARK [2][-]{subsection.B.3}{\376\377\000C\000A\000D\000E\000\040\000A\000n\000c\000h\000o\000r\000s\000\040\000a\000n\000d\000\040\000C\000o\000b\000i\000d\000d\000e\000r\000\040\000L\000a\000b\000e\000l\000s}{appendix.B}% 8
\BOOKMARK [2][-]{subsection.B.4}{\376\377\000T\000i\000m\000i\000n\000g}{appendix.B}% 9
\BOOKMARK [2][-]{subsection.B.5}{\376\377\000W\000h\000a\000t\000\040\000I\000s\000\040\000E\000x\000c\000l\000u\000d\000e\000d\000\040\000F\000r\000o\000m\000\040\000t\000h\000e\000\040\000S\000c\000r\000e\000e\000n}{appendix.B}% 10
\BOOKMARK [1][-]{appendix.C}{\376\377\000V\000a\000l\000i\000d\000a\000t\000i\000o\000n\000\040\000A\000u\000d\000i\000t\000s}{}% 11
\BOOKMARK [2][-]{subsection.C.1}{\376\377\000P\000a\000r\000t\000i\000c\000i\000p\000a\000t\000i\000o\000n\000-\000S\000t\000r\000a\000t\000i\000f\000i\000e\000d\000\040\000P\000e\000r\000m\000u\000t\000a\000t\000i\000o\000n}{appendix.C}% 12
\BOOKMARK [2][-]{subsection.C.2}{\376\377\000L\000e\000a\000k\000a\000g\000e\000\040\000D\000e\000c\000o\000m\000p\000o\000s\000i\000t\000i\000o\000n}{appendix.C}% 13
\BOOKMARK [2][-]{subsection.C.3}{\376\377\000D\000i\000r\000e\000c\000t\000-\000D\000e\000f\000e\000n\000d\000a\000n\000t\000\040\000S\000c\000o\000p\000e\000\040\000C\000h\000e\000c\000k}{appendix.C}% 14
\BOOKMARK [2][-]{subsection.C.4}{\376\377\000Y\000e\000a\000r\000-\000b\000y\000-\000Y\000e\000a\000r\000\040\000H\000o\000l\000d\000o\000u\000t}{appendix.C}% 15
\BOOKMARK [1][-]{appendix.D}{\376\377\000P\000r\000i\000c\000e\000\040\000S\000c\000o\000p\000e\000\040\000C\000h\000e\000c\000k\000s}{}% 16
\BOOKMARK [2][-]{subsection.D.1}{\376\377\000O\000v\000e\000r\000l\000a\000p\000\040\000a\000n\000d\000\040\000S\000e\000g\000m\000e\000n\000t\000\040\000S\000c\000o\000p\000e}{appendix.D}% 17
\BOOKMARK [1][-]{appendix.E}{\376\377\000S\000t\000r\000a\000t\000e\000g\000i\000c\000\040\000A\000d\000a\000p\000t\000a\000t\000i\000o\000n\000\040\000D\000i\000a\000g\000n\000o\000s\000t\000i\000c\000s}{}% 18
\BOOKMARK [2][-]{subsection.E.1}{\376\377\000S\000i\000m\000u\000l\000a\000t\000i\000o\000n\000\040\000S\000c\000e\000n\000a\000r\000i\000o\000s}{appendix.E}% 19
\BOOKMARK [2][-]{subsection.E.2}{\376\377\000I\000m\000p\000l\000e\000m\000e\000n\000t\000a\000t\000i\000o\000n\000\040\000I\000m\000p\000l\000i\000c\000a\000t\000i\000o\000n\000s}{appendix.E}% 20
\BOOKMARK [1][-]{appendix.F}{\376\377\000F\000o\000r\000e\000n\000s\000i\000c\000\040\000S\000e\000q\000u\000e\000n\000c\000i\000n\000g\000\040\000D\000e\000t\000a\000i\000l\000s}{}% 21
\BOOKMARK [2][-]{subsection.F.1}{\376\377\000S\000t\000a\000g\000e\000\040\0001\000:\000\040\000A\000w\000a\000r\000d\000-\000L\000a\000y\000e\000r\000\040\000R\000a\000n\000k\000i\000n\000g}{appendix.F}% 22
\BOOKMARK [2][-]{subsection.F.2}{\376\377\000S\000t\000a\000g\000e\000\040\0002\000:\000\040\000B\000i\000d\000-\000L\000a\000y\000e\000r\000\040\000F\000o\000r\000e\000n\000s\000i\000c\000s}{appendix.F}% 23
\BOOKMARK [2][-]{subsection.F.3}{\376\377\000W\000h\000y\000\040\000J\000o\000i\000n\000t\000\040\000S\000c\000o\000r\000i\000n\000g\000\040\000I\000s\000\040\000N\000o\000t\000\040\000t\000h\000e\000\040\000O\000p\000e\000r\000a\000t\000i\000o\000n\000a\000l\000\040\000B\000a\000s\000e\000l\000i\000n\000e}{appendix.F}% 24
\BOOKMARK [2][-]{subsection.F.4}{\376\377\000A\000l\000g\000o\000r\000i\000t\000h\000m}{appendix.F}% 25
