\BOOKMARK [1][-]{section.1}{\376\377\000I\000n\000t\000r\000o\000d\000u\000c\000t\000i\000o\000n}{}% 1
\BOOKMARK [1][-]{section.2}{\376\377\000I\000n\000s\000t\000i\000t\000u\000t\000i\000o\000n\000a\000l\000\040\000B\000a\000c\000k\000g\000r\000o\000u\000n\000d}{}% 2
\BOOKMARK [1][-]{section.3}{\376\377\000D\000a\000t\000a\000\040\000a\000n\000d\000\040\000S\000a\000m\000p\000l\000e\000\040\000C\000o\000n\000s\000t\000r\000u\000c\000t\000i\000o\000n}{}% 3
\BOOKMARK [1][-]{section.4}{\376\377\000M\000o\000d\000e\000l}{}% 4
\BOOKMARK [1][-]{section.5}{\376\377\000I\000d\000e\000n\000t\000i\000f\000i\000c\000a\000t\000i\000o\000n\000\040\000a\000n\000d\000\040\000E\000s\000t\000i\000m\000a\000t\000i\000o\000n}{}% 5
\BOOKMARK [2][-]{subsection.5.1}{\376\377\000T\000y\000p\000e\000-\000s\000p\000e\000c\000i\000f\000i\000c\000\040\000c\000o\000s\000t\000\040\000d\000i\000s\000t\000r\000i\000b\000u\000t\000i\000o\000n\000s}{section.5}% 6
\BOOKMARK [2][-]{subsection.5.2}{\376\377\000A\000u\000c\000t\000i\000o\000n\000-\000l\000e\000v\000e\000l\000\040\000h\000e\000t\000e\000r\000o\000g\000e\000n\000e\000i\000t\000y}{section.5}% 7
\BOOKMARK [2][-]{subsection.5.3}{\376\377\000E\000n\000t\000r\000y}{section.5}% 8
\BOOKMARK [2][-]{subsection.5.4}{\376\377\000C\000o\000u\000n\000t\000e\000r\000f\000a\000c\000t\000u\000a\000l\000\040\000s\000i\000m\000u\000l\000a\000t\000i\000o\000n}{section.5}% 9
\BOOKMARK [1][-]{section.6}{\376\377\000R\000e\000s\000u\000l\000t\000s}{}% 10
\BOOKMARK [2][-]{subsection.6.1}{\376\377\000E\000n\000t\000r\000y\000\040\000r\000e\000s\000p\000o\000n\000s\000e}{section.6}% 11
\BOOKMARK [2][-]{subsection.6.2}{\376\377\000S\000t\000r\000u\000c\000t\000u\000r\000a\000l\000\040\000d\000e\000c\000o\000m\000p\000o\000s\000i\000t\000i\000o\000n\000\040\000o\000f\000\040\000t\000h\000e\000\040\000s\000e\000t\000-\000a\000s\000i\000d\000e}{section.6}% 12
\BOOKMARK [2][-]{subsection.6.3}{\376\377\000E\000n\000d\000o\000g\000e\000n\000o\000u\000s\000\040\000e\000n\000t\000r\000y\000\040\000a\000s\000\040\000a\000\040\000p\000a\000r\000t\000i\000a\000l\000\040\000o\000f\000f\000s\000e\000t}{section.6}% 13
\BOOKMARK [2][-]{subsection.6.4}{\376\377\000S\000o\000u\000r\000c\000e\000s\000\040\000o\000f\000\040\000t\000h\000e\000\040\000d\000e\000p\000a\000r\000t\000u\000r\000e\000\040\000f\000r\000o\000m\000\040\000e\000a\000r\000l\000i\000e\000r\000\040\000e\000s\000t\000i\000m\000a\000t\000e\000s}{section.6}% 14
\BOOKMARK [2][-]{subsection.6.5}{\376\377\000C\000o\000n\000f\000i\000d\000e\000n\000c\000e\000\040\000i\000n\000t\000e\000r\000v\000a\000l\000s\000\040\000a\000n\000d\000\040\000p\000o\000i\000n\000t\000-\000i\000d\000e\000n\000t\000i\000f\000i\000c\000a\000t\000i\000o\000n\000\040\000c\000o\000r\000r\000o\000b\000o\000r\000a\000t\000i\000o\000n}{section.6}% 15
\BOOKMARK [2][-]{subsection.6.6}{\376\377\000E\000n\000t\000r\000y\000\040\000c\000o\000s\000t\000\040\000c\000a\000l\000i\000b\000r\000a\000t\000i\000o\000n}{section.6}% 16
\BOOKMARK [2][-]{subsection.6.7}{\376\377\000P\000o\000l\000i\000c\000y\000\040\000c\000o\000m\000p\000a\000r\000i\000s\000o\000n\000\040\000a\000n\000d\000\040\000g\000o\000o\000d\000s\000\040\000c\000h\000a\000r\000a\000c\000t\000e\000r\000i\000s\000t\000i\000c\000s}{section.6}% 17
\BOOKMARK [1][-]{section.7}{\376\377\000W\000e\000l\000f\000a\000r\000e}{}% 18
\BOOKMARK [2][-]{subsection.7.1}{\376\377\000P\000o\000i\000n\000t\000\040\000e\000s\000t\000i\000m\000a\000t\000e\000s}{section.7}% 19
\BOOKMARK [2][-]{subsection.7.2}{\376\377\000E\000n\000d\000o\000g\000e\000n\000o\000u\000s\000\040\000e\000n\000t\000r\000y\000\040\000a\000s\000\040\000a\000\040\000p\000a\000r\000t\000i\000a\000l\000\040\000o\000f\000f\000s\000e\000t\000\040\000i\000n\000\040\000w\000e\000l\000f\000a\000r\000e\000\040\000u\000n\000i\000t\000s}{section.7}% 20
\BOOKMARK [2][-]{subsection.7.3}{\376\377\000C\000o\000n\000f\000i\000d\000e\000n\000c\000e\000\040\000i\000n\000t\000e\000r\000v\000a\000l\000s}{section.7}% 21
\BOOKMARK [2][-]{subsection.7.4}{\376\377\000S\000e\000n\000s\000i\000t\000i\000v\000i\000t\000y\000\040\000t\000o\000\040\000l\000a\000m\000b\000d\000a}{section.7}% 22
\BOOKMARK [2][-]{subsection.7.5}{\376\377\000B\000r\000i\000d\000g\000e\000\040\000t\000o\000\040\000t\000h\000e\000\040\000D\000i\000D\000\040\000b\000e\000n\000c\000h\000m\000a\000r\000k\000\040\000a\000n\000d\000\040\000t\000h\000e\000\040\000M\000C\000P\000F\000\040\000g\000a\000p}{section.7}% 23
\BOOKMARK [2][-]{subsection.7.6}{\376\377\000S\000c\000a\000l\000i\000n\000g\000\040\000t\000o\000\040\000t\000h\000e\000\040\000f\000u\000r\000o\000s\000e\000m\000i\000d\000a\000\040\000v\000i\000g\000n\000e\000t\000t\000e}{section.7}% 24
\BOOKMARK [2][-]{subsection.7.7}{\376\377\000A\000n\000n\000u\000a\000l\000\040\000a\000g\000g\000r\000e\000g\000a\000t\000e}{section.7}% 25
\BOOKMARK [2][-]{subsection.7.8}{\376\377\000S\000e\000n\000s\000i\000t\000i\000v\000i\000t\000y\000\040\000t\000o\000\040\000t\000h\000e\000\040\000a\000d\000h\000e\000r\000e\000n\000c\000e\000\040\000r\000a\000t\000e}{section.7}% 26
\BOOKMARK [1][-]{section.8}{\376\377\000R\000o\000b\000u\000s\000t\000n\000e\000s\000s}{}% 27
\BOOKMARK [2][-]{subsection.8.1}{\376\377\000S\000t\000r\000i\000c\000t\000-\000p\000r\000i\000m\000i\000t\000i\000v\000e\000-\000i\000n\000v\000a\000r\000i\000a\000n\000c\000e\000\040\000b\000e\000n\000c\000h\000m\000a\000r\000k}{section.8}% 28
\BOOKMARK [2][-]{subsection.8.2}{\376\377\000C\000o\000s\000t\000-\000d\000i\000s\000t\000r\000i\000b\000u\000t\000i\000o\000n\000\040\000r\000e\000g\000i\000m\000e}{section.8}% 29
\BOOKMARK [2][-]{subsection.8.3}{\376\377\000K\000e\000r\000n\000e\000l\000\040\000b\000a\000n\000d\000w\000i\000d\000t\000h}{section.8}% 30
\BOOKMARK [2][-]{subsection.8.4}{\376\377\000B\000i\000d\000-\000l\000e\000v\000e\000l\000\040\000s\000a\000m\000p\000l\000e\000\040\000f\000i\000l\000t\000e\000r}{section.8}% 31
\BOOKMARK [2][-]{subsection.8.5}{\376\377\000T\000e\000m\000p\000o\000r\000a\000l\000\040\000w\000i\000n\000d\000o\000w}{section.8}% 32
\BOOKMARK [2][-]{subsection.8.6}{\376\377\000P\000h\000a\000s\000e\000d\000\040\000a\000d\000o\000p\000t\000i\000o\000n}{section.8}% 33
\BOOKMARK [2][-]{subsection.8.7}{\376\377\000A\000l\000t\000e\000r\000n\000a\000t\000i\000v\000e\000\040\000p\000o\000l\000i\000c\000y\000\040\000v\000a\000r\000i\000a\000n\000t\000s}{section.8}% 34
\BOOKMARK [2][-]{subsection.8.8}{\376\377\000B\000i\000d\000-\000c\000o\000o\000r\000d\000i\000n\000a\000t\000i\000o\000n\000\040\000d\000i\000a\000g\000n\000o\000s\000t\000i\000c\000s}{section.8}% 35
\BOOKMARK [2][-]{subsection.8.9}{\376\377\000F\000P\000S\000B\000\040\000e\000q\000u\000i\000v\000a\000l\000e\000n\000t\000\040\000o\000f\000\040\000V\0003\000\040\040\024\000\040\000M\000a\000s\000k\000i\000n\000-\000R\000i\000l\000e\000y\000\040\000u\000p\000p\000e\000r\000\040\000b\000o\000u\000n\000d}{section.8}% 36
\BOOKMARK [1][-]{section.9}{\376\377\000D\000i\000s\000c\000u\000s\000s\000i\000o\000n\000:\000\040\000P\000o\000l\000i\000c\000y\000\040\000D\000e\000s\000i\000g\000n}{}% 37
\BOOKMARK [2][-]{subsection.9.1}{\376\377\000W\000h\000e\000n\000\040\000d\000o\000e\000s\000\040\000a\000\040\000s\000e\000t\000-\000a\000s\000i\000d\000e\000\040\000b\000e\000c\000o\000m\000e\000\040\000d\000e\000f\000e\000n\000s\000i\000b\000l\000e\000?}{section.9}% 38
\BOOKMARK [2][-]{subsection.9.2}{\376\377\000T\000h\000e\000\040\000w\000e\000l\000f\000a\000r\000e\000\040\000w\000e\000i\000g\000h\000t\000\040\000i\000m\000p\000l\000i\000c\000i\000t\000\040\000i\000n\000\040\000t\000h\000e\000\040\000c\000u\000r\000r\000e\000n\000t\000\040\000r\000e\000g\000i\000m\000e}{section.9}% 39
\BOOKMARK [2][-]{subsection.9.3}{\376\377\000I\000m\000p\000l\000e\000m\000e\000n\000t\000a\000t\000i\000o\000n\000\040\000c\000o\000n\000s\000i\000d\000e\000r\000a\000t\000i\000o\000n\000s}{section.9}% 40
\BOOKMARK [2][-]{subsection.9.4}{\376\377\000M\000a\000r\000k\000e\000t\000\040\000t\000h\000i\000c\000k\000n\000e\000s\000s\000\040\000a\000n\000d\000\040\000g\000o\000o\000d\000s\000\040\000h\000e\000t\000e\000r\000o\000g\000e\000n\000e\000i\000t\000y}{section.9}% 41
\BOOKMARK [2][-]{subsection.9.5}{\376\377\000E\000x\000t\000e\000n\000s\000i\000o\000n\000s\000\040\000t\000h\000e\000\040\000p\000a\000p\000e\000r\000\040\000d\000o\000e\000s\000\040\000n\000o\000t\000\040\000a\000t\000t\000e\000m\000p\000t}{section.9}% 42
\BOOKMARK [1][-]{section.10}{\376\377\000C\000o\000n\000c\000l\000u\000s\000i\000o\000n}{}% 43
\BOOKMARK [1][-]{appendix.A}{\376\377\000A\000p\000p\000e\000n\000d\000i\000x\000:\000\040\000G\000l\000o\000s\000s\000a\000r\000y\000\040\000o\000f\000\040\000B\000r\000a\000z\000i\000l\000i\000a\000n\000\040\000I\000n\000s\000t\000i\000t\000u\000t\000i\000o\000n\000a\000l\000\040\000T\000e\000r\000m\000s}{}% 44
\BOOKMARK [1][-]{appendix.B}{\376\377\000A\000p\000p\000e\000n\000d\000i\000x\000:\000\040\000S\000a\000m\000p\000l\000e\000\040\000a\000n\000d\000\040\000D\000a\000t\000a}{}% 45
\BOOKMARK [1][-]{appendix.C}{\376\377\000A\000p\000p\000e\000n\000d\000i\000x\000:\000\040\000I\000d\000e\000n\000t\000i\000f\000i\000c\000a\000t\000i\000o\000n\000\040\000D\000i\000a\000g\000n\000o\000s\000t\000i\000c\000s}{}% 46
\BOOKMARK [1][-]{appendix.D}{\376\377\000A\000p\000p\000e\000n\000d\000i\000x\000:\000\040\000M\000a\000i\000n\000\040\000R\000e\000s\000u\000l\000t\000s}{}% 47
\BOOKMARK [1][-]{appendix.E}{\376\377\000A\000p\000p\000e\000n\000d\000i\000x\000:\000\040\000R\000o\000b\000u\000s\000t\000n\000e\000s\000s}{}% 48
\BOOKMARK [1][-]{appendix.F}{\376\377\000A\000p\000p\000e\000n\000d\000i\000x\000:\000\040\000W\000e\000l\000f\000a\000r\000e\000\040\000a\000n\000d\000\040\000P\000o\000l\000i\000c\000y}{}% 49
\BOOKMARK [1][-]{appendix.G}{\376\377\000I\000P\000V\000\040\000R\000e\000s\000t\000r\000i\000c\000t\000i\000o\000n\000\040\000a\000n\000d\000\040\000P\000h\000a\000r\000m\000a\000c\000e\000u\000t\000i\000c\000a\000l\000\040\000P\000r\000o\000c\000u\000r\000e\000m\000e\000n\000t}{}% 50
\BOOKMARK [1][-]{appendix.H}{\376\377\000C\000o\000i\000n\000c\000i\000d\000e\000n\000t\000\040\000R\000e\000g\000u\000l\000a\000t\000o\000r\000y\000\040\000E\000v\000e\000n\000t\000s\000\040\000a\000t\000\040\000t\000h\000e\000\040\000M\000a\000r\000c\000h\000\040\0002\0000\0001\0008\000\040\000C\000u\000t\000o\000f\000f}{}% 51
\BOOKMARK [1][-]{appendix.I}{\376\377\000A\000p\000p\000e\000n\000d\000i\000x\000:\000\040\000R\000e\000d\000u\000c\000e\000d\000-\000F\000o\000r\000m\000\040\000B\000e\000n\000c\000h\000m\000a\000r\000k}{}% 52
\BOOKMARK [2][-]{subsection.I.1}{\376\377\000E\000v\000e\000n\000t\000-\000s\000t\000u\000d\000y\000\040\000a\000n\000d\000\040\000p\000l\000a\000c\000e\000b\000o\000\040\000d\000i\000a\000g\000n\000o\000s\000t\000i\000c\000s}{appendix.I}% 53
\BOOKMARK [2][-]{subsection.I.2}{\376\377\000B\000r\000i\000d\000g\000e\000\040\000t\000o\000\040\000t\000h\000e\000\040\000s\000t\000r\000u\000c\000t\000u\000r\000a\000l\000\040\000c\000o\000u\000n\000t\000e\000r\000f\000a\000c\000t\000u\000a\000l}{appendix.I}% 54
