\BOOKMARK [1][-]{appendix.A}{\376\377\000G\000u\000i\000d\000e\000\040\000t\000o\000\040\000t\000h\000e\000\040\000O\000n\000l\000i\000n\000e\000\040\000A\000p\000p\000e\000n\000d\000i\000x}{}% 1
\BOOKMARK [1][-]{appendix.B}{\376\377\000E\000v\000i\000d\000e\000n\000c\000e\000-\000A\000l\000l\000o\000c\000a\000t\000i\000o\000n\000\040\000F\000r\000a\000m\000e\000w\000o\000r\000k\000\040\000a\000n\000d\000\040\000L\000e\000g\000a\000l\000\040\000S\000c\000o\000p\000e}{}% 2
\BOOKMARK [2][-]{subsection.B.1}{\376\377\000P\000r\000i\000m\000i\000t\000i\000v\000e\000s}{appendix.B}% 3
\BOOKMARK [2][-]{subsection.B.2}{\376\377\000P\000a\000r\000t\000i\000c\000i\000p\000a\000t\000i\000o\000n\000\040\000a\000s\000\040\000a\000\040\000R\000a\000n\000k\000i\000n\000g\000\040\000S\000t\000a\000t\000i\000s\000t\000i\000c}{appendix.B}% 4
\BOOKMARK [2][-]{subsection.B.3}{\376\377\000E\000v\000i\000d\000e\000n\000t\000i\000a\000r\000y\000\040\000S\000c\000o\000p\000e}{appendix.B}% 5
\BOOKMARK [1][-]{appendix.C}{\376\377\000D\000a\000t\000a\000\040\000C\000o\000n\000s\000t\000r\000u\000c\000t\000i\000o\000n\000\040\000a\000n\000d\000\040\000V\000a\000l\000i\000d\000a\000t\000i\000o\000n\000\040\000L\000a\000b\000e\000l\000s}{}% 6
\BOOKMARK [2][-]{subsection.C.1}{\376\377\000A\000w\000a\000r\000d\000-\000R\000e\000c\000o\000r\000d\000\040\000U\000n\000i\000v\000e\000r\000s\000e}{appendix.C}% 7
\BOOKMARK [2][-]{subsection.C.2}{\376\377\000S\000c\000r\000e\000e\000n\000\040\000C\000o\000n\000s\000t\000r\000u\000c\000t\000i\000o\000n}{appendix.C}% 8
\BOOKMARK [2][-]{subsection.C.3}{\376\377\000M\000a\000t\000c\000h\000i\000n\000g\000\040\000C\000A\000D\000E\000\040\000D\000e\000f\000e\000n\000d\000a\000n\000t\000s\000\040\000t\000o\000\040\000B\000E\000C\000\040\000F\000i\000r\000m\000s}{appendix.C}% 9
\BOOKMARK [2][-]{subsection.C.4}{\376\377\000C\000o\000n\000s\000t\000r\000u\000c\000t\000i\000n\000g\000\040\000C\000o\000b\000i\000d\000d\000e\000r\000\040\000L\000a\000b\000e\000l\000s}{appendix.C}% 10
\BOOKMARK [2][-]{subsection.C.5}{\376\377\000C\000o\000n\000s\000e\000r\000v\000a\000t\000i\000v\000e\000\040\000a\000n\000d\000\040\000T\000i\000m\000i\000n\000g\000\040\000B\000e\000n\000c\000h\000m\000a\000r\000k\000s}{appendix.C}% 11
\BOOKMARK [2][-]{subsection.C.6}{\376\377\000S\000a\000m\000p\000l\000e\000\040\000R\000e\000s\000t\000r\000i\000c\000t\000i\000o\000n\000s\000\040\000a\000n\000d\000\040\000D\000e\000n\000o\000m\000i\000n\000a\000t\000o\000r\000\040\000C\000h\000a\000n\000g\000e\000s}{appendix.C}% 12
\BOOKMARK [2][-]{subsection.C.7}{\376\377\000R\000e\000c\000o\000n\000c\000i\000l\000i\000a\000t\000i\000o\000n\000\040\000o\000f\000\040\000V\000a\000l\000i\000d\000a\000t\000i\000o\000n\000\040\000S\000a\000m\000p\000l\000e\000s}{appendix.C}% 13
\BOOKMARK [2][-]{subsection.C.8}{\376\377\000W\000h\000a\000t\000\040\000I\000s\000\040\000E\000x\000c\000l\000u\000d\000e\000d\000\040\000F\000r\000o\000m\000\040\000t\000h\000e\000\040\000S\000c\000r\000e\000e\000n}{appendix.C}% 14
\BOOKMARK [1][-]{appendix.D}{\376\377\000V\000a\000l\000i\000d\000a\000t\000i\000o\000n\000\040\000A\000u\000d\000i\000t\000s}{}% 15
\BOOKMARK [2][-]{subsection.D.1}{\376\377\000P\000a\000r\000t\000i\000c\000i\000p\000a\000t\000i\000o\000n\000-\000V\000o\000l\000u\000m\000e\000\040\000P\000l\000a\000c\000e\000b\000o}{appendix.D}% 16
\BOOKMARK [2][-]{subsection.D.2}{\376\377\000O\000p\000p\000o\000r\000t\000u\000n\000i\000t\000y\000-\000C\000e\000l\000l\000\040\000C\000o\000n\000s\000t\000r\000u\000c\000t\000i\000o\000n}{appendix.D}% 17
\BOOKMARK [2][-]{subsection.D.3}{\376\377\000E\000x\000p\000e\000c\000t\000e\000d\000\040\000D\000e\000f\000e\000n\000d\000a\000n\000t\000\040\000C\000o\000n\000t\000a\000c\000t\000\040\000a\000n\000d\000\040\000E\000x\000c\000e\000s\000s}{appendix.D}% 18
\BOOKMARK [2][-]{subsection.D.4}{\376\377\000C\000o\000n\000t\000r\000o\000l\000-\000F\000u\000n\000c\000t\000i\000o\000n\000\040\000V\000a\000l\000i\000d\000a\000t\000i\000o\000n}{appendix.D}% 19
\BOOKMARK [2][-]{subsection.D.5}{\376\377\000O\000p\000p\000o\000r\000t\000u\000n\000i\000t\000y\000-\000P\000r\000e\000s\000e\000r\000v\000i\000n\000g\000\040\000P\000e\000r\000m\000u\000t\000a\000t\000i\000o\000n}{appendix.D}% 20
\BOOKMARK [2][-]{subsection.D.6}{\376\377\000M\000a\000t\000c\000h\000e\000d\000\040\000a\000n\000d\000\040\000S\000t\000r\000a\000t\000i\000f\000i\000e\000d\000\040\000V\000a\000l\000i\000d\000a\000t\000i\000o\000n}{appendix.D}% 21
\BOOKMARK [2][-]{subsection.D.7}{\376\377\000C\000o\000m\000m\000o\000n\000-\000S\000u\000p\000p\000o\000r\000t\000\040\000a\000n\000d\000\040\000S\000p\000a\000r\000s\000i\000t\000y\000\040\000D\000i\000a\000g\000n\000o\000s\000t\000i\000c\000s}{appendix.D}% 22
\BOOKMARK [2][-]{subsection.D.8}{\376\377\000S\000e\000n\000s\000i\000t\000i\000v\000i\000t\000y\000\040\000t\000o\000\040\000C\000e\000l\000l\000\040\000D\000e\000f\000i\000n\000i\000t\000i\000o\000n\000s}{appendix.D}% 23
\BOOKMARK [2][-]{subsection.D.9}{\376\377\000L\000i\000m\000i\000t\000a\000t\000i\000o\000n\000s}{appendix.D}% 24
\BOOKMARK [2][-]{subsection.D.10}{\376\377\000L\000e\000a\000k\000a\000g\000e\000\040\000D\000e\000c\000o\000m\000p\000o\000s\000i\000t\000i\000o\000n}{appendix.D}% 25
\BOOKMARK [2][-]{subsection.D.11}{\376\377\000D\000i\000r\000e\000c\000t\000-\000D\000e\000f\000e\000n\000d\000a\000n\000t\000\040\000S\000c\000o\000p\000e\000\040\000C\000h\000e\000c\000k}{appendix.D}% 26
\BOOKMARK [2][-]{subsection.D.12}{\376\377\000Y\000e\000a\000r\000-\000b\000y\000-\000Y\000e\000a\000r\000\040\000H\000o\000l\000d\000o\000u\000t}{appendix.D}% 27
\BOOKMARK [2][-]{subsection.D.13}{\376\377\000T\000i\000m\000i\000n\000g\000\040\000a\000n\000d\000\040\000C\000a\000s\000e\000-\000C\000o\000m\000p\000o\000s\000i\000t\000i\000o\000n\000\040\000A\000u\000d\000i\000t\000s\000:\000\040\000O\000v\000e\000r\000v\000i\000e\000w}{appendix.D}% 28
\BOOKMARK [2][-]{subsection.D.14}{\376\377\000T\000i\000m\000i\000n\000g\000\040\000I\000n\000f\000o\000r\000m\000a\000t\000i\000o\000n\000\040\000S\000e\000t\000s}{appendix.D}% 29
\BOOKMARK [2][-]{subsection.D.15}{\376\377\000S\000t\000r\000i\000c\000t\000\040\000T\000r\000a\000i\000n\000/\000T\000e\000s\000t\000:\000\040\000S\000c\000o\000r\000e\000-\000Z\000e\000r\000o\000\040\000T\000i\000e\000s\000\040\000a\000n\000d\000\040\000E\000n\000t\000r\000a\000n\000t\000s}{appendix.D}% 30
\BOOKMARK [2][-]{subsection.D.16}{\376\377\000R\000o\000l\000l\000i\000n\000g\000-\000O\000r\000i\000g\000i\000n\000\040\000V\000a\000l\000i\000d\000a\000t\000i\000o\000n}{appendix.D}% 31
\BOOKMARK [2][-]{subsection.D.17}{\376\377\000L\000e\000a\000k\000a\000g\000e\000\040\000A\000u\000d\000i\000t}{appendix.D}% 32
\BOOKMARK [2][-]{subsection.D.18}{\376\377\000L\000e\000a\000v\000e\000-\000O\000n\000e\000-\000C\000a\000s\000e\000-\000O\000u\000t\000\040\000a\000n\000d\000\040\000L\000e\000a\000v\000e\000-\000L\000a\000r\000g\000e\000s\000t\000-\000C\000a\000s\000e\000-\000O\000u\000t}{appendix.D}% 33
\BOOKMARK [2][-]{subsection.D.19}{\376\377\000B\000u\000y\000e\000r\000,\000\040\000I\000t\000e\000m\000-\000G\000r\000o\000u\000p\000,\000\040\000a\000n\000d\000\040\000M\000o\000d\000a\000l\000i\000t\000y\000\040\000D\000o\000m\000i\000n\000a\000n\000c\000e}{appendix.D}% 34
\BOOKMARK [2][-]{subsection.D.20}{\376\377\000C\000l\000u\000s\000t\000e\000r\000e\000d\000\040\000R\000a\000n\000d\000o\000m\000i\000z\000a\000t\000i\000o\000n\000\040\000I\000n\000f\000e\000r\000e\000n\000c\000e\000\040\000a\000n\000d\000\040\000D\000e\000f\000e\000n\000d\000a\000n\000t\000-\000G\000r\000o\000u\000p\000\040\000H\000o\000l\000d\000o\000u\000t}{appendix.D}% 35
\BOOKMARK [2][-]{subsection.D.21}{\376\377\000D\000i\000r\000e\000c\000t\000-\000D\000e\000f\000e\000n\000d\000a\000n\000t\000\040\000T\000e\000m\000p\000o\000r\000a\000l\000\040\000S\000c\000o\000p\000e\000\040\000C\000h\000e\000c\000k}{appendix.D}% 36
\BOOKMARK [2][-]{subsection.D.22}{\376\377\000L\000i\000m\000i\000t\000a\000t\000i\000o\000n\000s\000\040\000o\000f\000\040\000t\000h\000e\000\040\000T\000i\000m\000i\000n\000g\000\040\000a\000n\000d\000\040\000C\000a\000s\000e\000-\000C\000o\000m\000p\000o\000s\000i\000t\000i\000o\000n\000\040\000A\000u\000d\000i\000t\000s}{appendix.D}% 37
\BOOKMARK [1][-]{appendix.E}{\376\377\000S\000c\000o\000p\000e\000\040\000o\000f\000\040\000P\000r\000i\000c\000e\000\040\000E\000v\000i\000d\000e\000n\000c\000e}{}% 38
\BOOKMARK [2][-]{subsection.E.1}{\376\377\000O\000v\000e\000r\000l\000a\000p\000\040\000a\000n\000d\000\040\000S\000e\000g\000m\000e\000n\000t\000\040\000S\000c\000o\000p\000e}{appendix.E}% 39
\BOOKMARK [1][-]{appendix.F}{\376\377\000A\000d\000a\000p\000t\000i\000v\000e\000\040\000D\000e\000p\000l\000o\000y\000m\000e\000n\000t\000\040\000D\000i\000a\000g\000n\000o\000s\000t\000i\000c\000s}{}% 40
\BOOKMARK [2][-]{subsection.F.1}{\376\377\000S\000i\000m\000u\000l\000a\000t\000i\000o\000n\000\040\000S\000c\000e\000n\000a\000r\000i\000o\000s}{appendix.F}% 41
\BOOKMARK [2][-]{subsection.F.2}{\376\377\000I\000m\000p\000l\000e\000m\000e\000n\000t\000a\000t\000i\000o\000n\000\040\000I\000m\000p\000l\000i\000c\000a\000t\000i\000o\000n\000s}{appendix.F}% 42
\BOOKMARK [1][-]{appendix.G}{\376\377\000S\000e\000q\000u\000e\000n\000t\000i\000a\000l\000\040\000G\000a\000t\000e\000k\000e\000e\000p\000i\000n\000g\000\040\000a\000n\000d\000\040\000t\000h\000e\000\040\000C\000o\000s\000t\000-\000R\000e\000c\000a\000l\000l\000\040\000F\000r\000o\000n\000t\000i\000e\000r}{}% 43
\BOOKMARK [2][-]{subsection.G.1}{\376\377\000C\000a\000n\000d\000i\000d\000a\000t\000e\000\040\000P\000o\000o\000l\000s\000\040\000a\000n\000d\000\040\000P\000r\000e\000d\000i\000c\000t\000i\000o\000n\000\040\000S\000c\000o\000r\000e\000s}{appendix.G}% 44
\BOOKMARK [2][-]{subsection.G.2}{\376\377\000R\000a\000n\000k\000i\000n\000g\000\040\000R\000u\000l\000e\000s}{appendix.G}% 45
\BOOKMARK [2][-]{subsection.G.3}{\376\377\000C\000o\000s\000t\000\040\000D\000e\000n\000o\000m\000i\000n\000a\000t\000o\000r\000s}{appendix.G}% 46
\BOOKMARK [2][-]{subsection.G.4}{\376\377\000F\000u\000l\000l\000\040\000C\000o\000s\000t\000-\000R\000e\000c\000a\000l\000l\000\040\000G\000r\000i\000d}{appendix.G}% 47
\BOOKMARK [2][-]{subsection.G.5}{\376\377\000R\000a\000n\000d\000o\000m\000\040\000a\000n\000d\000\040\000A\000w\000a\000r\000d\000-\000O\000n\000l\000y\000\040\000B\000a\000s\000e\000l\000i\000n\000e\000s}{appendix.G}% 48
\BOOKMARK [2][-]{subsection.G.6}{\376\377\000T\000i\000m\000i\000n\000g\000-\000D\000i\000s\000c\000i\000p\000l\000i\000n\000e\000d\000\040\000G\000a\000t\000e\000k\000e\000e\000p\000i\000n\000g}{appendix.G}% 49
\BOOKMARK [2][-]{subsection.G.7}{\376\377\000C\000a\000s\000e\000-\000H\000o\000l\000d\000o\000u\000t\000\040\000G\000a\000t\000e\000k\000e\000e\000p\000i\000n\000g}{appendix.G}% 50
\BOOKMARK [2][-]{subsection.G.8}{\376\377\000O\000p\000e\000r\000a\000t\000i\000n\000g\000-\000P\000o\000i\000n\000t\000\040\000C\000h\000o\000i\000c\000e}{appendix.G}% 51
\BOOKMARK [2][-]{subsection.G.9}{\376\377\000A\000l\000g\000o\000r\000i\000t\000h\000m}{appendix.G}% 52
\BOOKMARK [2][-]{subsection.G.10}{\376\377\000L\000i\000m\000i\000t\000a\000t\000i\000o\000n\000s}{appendix.G}% 53
\BOOKMARK [1][-]{appendix.H}{\376\377\000E\000c\000o\000n\000o\000m\000i\000c\000\040\000P\000r\000o\000f\000i\000l\000e\000\040\000a\000n\000d\000\040\000R\000o\000b\000u\000s\000t\000n\000e\000s\000s\000:\000\040\000C\000o\000n\000s\000t\000r\000u\000c\000t\000i\000o\000n\000\040\000a\000n\000d\000\040\000D\000i\000a\000g\000n\000o\000s\000t\000i\000c\000s}{}% 54
\BOOKMARK [2][-]{subsection.H.1}{\376\377\000C\000o\000m\000p\000a\000r\000i\000s\000o\000n\000\040\000G\000r\000o\000u\000p\000s}{appendix.H}% 55
\BOOKMARK [2][-]{subsection.H.2}{\376\377\000P\000r\000o\000f\000i\000l\000e\000\040\000V\000a\000r\000i\000a\000b\000l\000e\000\040\000D\000e\000f\000i\000n\000i\000t\000i\000o\000n\000s}{appendix.H}% 56
\BOOKMARK [2][-]{subsection.H.3}{\376\377\000S\000t\000a\000n\000d\000a\000r\000d\000i\000z\000e\000d\000\040\000D\000i\000f\000f\000e\000r\000e\000n\000c\000e\000s}{appendix.H}% 57
\BOOKMARK [2][-]{subsection.H.4}{\376\377\000O\000p\000p\000o\000r\000t\000u\000n\000i\000t\000y\000-\000A\000d\000j\000u\000s\000t\000e\000d\000\040\000P\000r\000o\000f\000i\000l\000e\000\040\000M\000e\000t\000h\000o\000d}{appendix.H}% 58
\BOOKMARK [2][-]{subsection.H.5}{\376\377\000M\000o\000n\000o\000t\000o\000n\000i\000c\000i\000t\000y\000\040\000B\000i\000n\000s}{appendix.H}% 59
\BOOKMARK [2][-]{subsection.H.6}{\376\377\000B\000i\000n\000a\000r\000y\000-\000v\000s\000-\000C\000o\000n\000t\000i\000n\000u\000o\000u\000s\000,\000\040\000T\000h\000r\000e\000s\000h\000o\000l\000d\000\040\000S\000e\000n\000s\000i\000t\000i\000v\000i\000t\000y\000,\000\040\000a\000n\000d\000\040\000B\000u\000n\000c\000h\000i\000n\000g}{appendix.H}% 60
\BOOKMARK [2][-]{subsection.H.7}{\376\377\000M\000a\000r\000k\000e\000t\000-\000S\000p\000e\000c\000i\000f\000i\000c\000\040\000Z\000e\000r\000o\000-\000W\000i\000n\000\040\000D\000e\000f\000i\000n\000i\000t\000i\000o\000n\000s}{appendix.H}% 61
\BOOKMARK [2][-]{subsection.H.8}{\376\377\000N\000e\000g\000a\000t\000i\000v\000e\000\040\000C\000o\000n\000t\000r\000o\000l\000s}{appendix.H}% 62
\BOOKMARK [2][-]{subsection.H.9}{\376\377\000L\000i\000m\000i\000t\000a\000t\000i\000o\000n\000s}{appendix.H}% 63
\BOOKMARK [1][-]{appendix.I}{\376\377\000B\000i\000d\000-\000L\000a\000y\000e\000r\000\040\000B\000e\000n\000c\000h\000m\000a\000r\000k\000:\000\040\000C\000o\000n\000s\000t\000r\000u\000c\000t\000i\000o\000n\000\040\000a\000n\000d\000\040\000D\000i\000a\000g\000n\000o\000s\000t\000i\000c\000s}{}% 64
\BOOKMARK [2][-]{subsection.I.1}{\376\377\000L\000A\000N\000C\000E\000S\000\040\000B\000i\000d\000-\000L\000a\000y\000e\000r\000\040\000D\000a\000t\000a\000\040\000a\000n\000d\000\040\000L\000i\000n\000k\000a\000g\000e}{appendix.I}% 65
\BOOKMARK [2][-]{subsection.I.2}{\376\377\000U\000n\000i\000t\000s\000\040\000o\000f\000\040\000O\000b\000s\000e\000r\000v\000a\000t\000i\000o\000n\000\040\000a\000n\000d\000\040\000S\000u\000p\000p\000o\000r\000t}{appendix.I}% 66
\BOOKMARK [2][-]{subsection.I.3}{\376\377\000B\000i\000d\000-\000F\000e\000a\000t\000u\000r\000e\000\040\000D\000i\000c\000t\000i\000o\000n\000a\000r\000y}{appendix.I}% 67
\BOOKMARK [2][-]{subsection.I.4}{\376\377\000M\000o\000d\000e\000l\000\040\000S\000p\000e\000c\000i\000f\000i\000c\000a\000t\000i\000o\000n\000s}{appendix.I}% 68
\BOOKMARK [2][-]{subsection.I.5}{\376\377\000C\000r\000o\000s\000s\000-\000V\000a\000l\000i\000d\000a\000t\000i\000o\000n\000\040\000a\000n\000d\000\040\000H\000o\000l\000d\000o\000u\000t\000\040\000D\000e\000s\000i\000g\000n\000s}{appendix.I}% 69
\BOOKMARK [2][-]{subsection.I.6}{\376\377\000L\000e\000a\000k\000a\000g\000e\000\040\000a\000n\000d\000\040\000F\000e\000a\000t\000u\000r\000e\040\023\000T\000a\000r\000g\000e\000t\000\040\000C\000o\000n\000t\000a\000m\000i\000n\000a\000t\000i\000o\000n}{appendix.I}% 70
\BOOKMARK [2][-]{subsection.I.7}{\376\377\000P\000e\000r\000f\000o\000r\000m\000a\000n\000c\000e\000\040\000a\000n\000d\000\040\000C\000a\000l\000i\000b\000r\000a\000t\000i\000o\000n}{appendix.I}% 71
\BOOKMARK [2][-]{subsection.I.8}{\376\377\000C\000o\000m\000p\000l\000e\000m\000e\000n\000t\000a\000r\000i\000t\000y\000\040\000D\000i\000a\000g\000n\000o\000s\000t\000i\000c\000s}{appendix.I}% 72
\BOOKMARK [2][-]{subsection.I.9}{\376\377\000L\000i\000m\000i\000t\000a\000t\000i\000o\000n\000s}{appendix.I}% 73
