\BOOKMARK [1][-]{section.1}{\376\377\000I\000n\000t\000r\000o\000d\000u\000c\000t\000i\000o\000n}{}% 1
\BOOKMARK [2][-]{subsection.1.1}{\376\377\000C\000o\000n\000t\000r\000i\000b\000u\000t\000i\000o\000n\000s}{section.1}% 2
\BOOKMARK [1][-]{section.2}{\376\377\000R\000e\000l\000a\000t\000e\000d\000\040\000L\000i\000t\000e\000r\000a\000t\000u\000r\000e}{}% 3
\BOOKMARK [1][-]{section.3}{\376\377\000D\000a\000t\000a\000\040\000a\000n\000d\000\040\000F\000r\000e\000q\000u\000e\000n\000t\000\040\000L\000o\000s\000e\000r\000s\000\040\000D\000e\000f\000i\000n\000i\000t\000i\000o\000n}{}% 4
\BOOKMARK [2][-]{subsection.3.1}{\376\377\000B\000E\000C\000\040\000P\000l\000a\000t\000f\000o\000r\000m}{section.3}% 5
\BOOKMARK [2][-]{subsection.3.2}{\376\377\000F\000r\000e\000q\000u\000e\000n\000t\000\040\000L\000o\000s\000e\000r\000s\000\040\000D\000e\000f\000i\000n\000i\000t\000i\000o\000n}{section.3}% 6
\BOOKMARK [2][-]{subsection.3.3}{\376\377\000S\000a\000m\000p\000l\000e\000\040\000C\000o\000n\000s\000t\000r\000u\000c\000t\000i\000o\000n}{section.3}% 7
\BOOKMARK [2][-]{subsection.3.4}{\376\377\000S\000t\000r\000u\000c\000t\000u\000r\000a\000l\000\040\000E\000s\000t\000i\000m\000a\000t\000i\000o\000n\000\040\000S\000a\000m\000p\000l\000e}{section.3}% 8
\BOOKMARK [2][-]{subsection.3.5}{\376\377\000C\000A\000D\000E\000\040\000S\000a\000m\000p\000l\000e}{section.3}% 9
\BOOKMARK [1][-]{section.4}{\376\377\000C\000o\000n\000c\000e\000p\000t\000u\000a\000l\000\040\000F\000r\000a\000m\000e\000w\000o\000r\000k\000:\000\040\000W\000h\000y\000\040\000P\000a\000r\000t\000i\000c\000i\000p\000a\000t\000i\000o\000n\000\040\000A\000n\000o\000m\000a\000l\000i\000e\000s\000\040\000M\000a\000y\000\040\000S\000i\000g\000n\000a\000l\000\040\000C\000o\000l\000l\000u\000s\000i\000o\000n}{}% 10
\BOOKMARK [1][-]{section.5}{\376\377\000E\000m\000p\000i\000r\000i\000c\000a\000l\000\040\000S\000t\000r\000a\000t\000e\000g\000y}{}% 11
\BOOKMARK [2][-]{subsection.5.1}{\376\377\000C\000o\000n\000d\000i\000t\000i\000o\000n\000a\000l\000\040\000P\000r\000i\000c\000e\000\040\000A\000s\000s\000o\000c\000i\000a\000t\000i\000o\000n}{section.5}% 12
\BOOKMARK [2][-]{subsection.5.2}{\376\377\000D\000e\000t\000e\000c\000t\000i\000o\000n\000\040\000P\000e\000r\000f\000o\000r\000m\000a\000n\000c\000e\000\040\000V\000a\000l\000i\000d\000a\000t\000i\000o\000n}{section.5}% 13
\BOOKMARK [2][-]{subsection.5.3}{\376\377\000S\000t\000r\000u\000c\000t\000u\000r\000a\000l\000\040\000L\000i\000k\000e\000l\000i\000h\000o\000o\000d\000\040\000E\000s\000t\000i\000m\000a\000t\000i\000o\000n}{section.5}% 14
\BOOKMARK [2][-]{subsection.5.4}{\376\377\000B\000a\000j\000a\000r\000i\040\023\000Y\000e\000\040\000B\000i\000d\000\040\000C\000o\000o\000r\000d\000i\000n\000a\000t\000i\000o\000n\000\040\000T\000e\000s\000t\000s}{section.5}% 15
\BOOKMARK [2][-]{subsection.5.5}{\376\377\000N\000e\000t\000w\000o\000r\000k\000-\000S\000p\000l\000i\000t\000\040\000H\000e\000t\000e\000r\000o\000g\000e\000n\000e\000i\000t\000y\000\040\000T\000e\000s\000t}{section.5}% 16
\BOOKMARK [1][-]{section.6}{\376\377\000E\000x\000t\000e\000r\000n\000a\000l\000\040\000C\000o\000n\000s\000i\000s\000t\000e\000n\000c\000y\000\040\000C\000h\000e\000c\000k\000:\000\040\000C\000A\000D\000E\000\040\000C\000a\000r\000t\000e\000l\000\040\000C\000o\000n\000v\000i\000c\000t\000i\000o\000n\000s}{}% 17
\BOOKMARK [1][-]{section.7}{\376\377\000R\000e\000s\000u\000l\000t\000s}{}% 18
\BOOKMARK [2][-]{subsection.7.1}{\376\377\000C\000l\000a\000s\000s\000i\000f\000i\000c\000a\000t\000i\000o\000n\000\040\000D\000i\000a\000g\000n\000o\000s\000t\000i\000c\000s}{section.7}% 19
\BOOKMARK [2][-]{subsection.7.2}{\376\377\000O\000L\000S\000\040\000a\000n\000d\000\040\000M\000a\000t\000c\000h\000i\000n\000g\000\040\000R\000e\000s\000u\000l\000t\000s}{section.7}% 20
\BOOKMARK [2][-]{subsection.7.3}{\376\377\000D\000e\000t\000e\000c\000t\000i\000o\000n\000\040\000P\000e\000r\000f\000o\000r\000m\000a\000n\000c\000e}{section.7}% 21
\BOOKMARK [2][-]{subsection.7.4}{\376\377\000G\000r\000o\000u\000n\000d\000\040\000T\000r\000u\000t\000h\000\040\000R\000o\000b\000u\000s\000t\000n\000e\000s\000s}{section.7}% 22
\BOOKMARK [2][-]{subsection.7.5}{\376\377\000N\000e\000t\000w\000o\000r\000k\000-\000S\000p\000l\000i\000t\000\040\000H\000e\000t\000e\000r\000o\000g\000e\000n\000e\000i\000t\000y}{section.7}% 23
\BOOKMARK [2][-]{subsection.7.6}{\376\377\000B\000a\000j\000a\000r\000i\040\023\000Y\000e\000\040\000T\000e\000s\000t\000s}{section.7}% 24
\BOOKMARK [2][-]{subsection.7.7}{\376\377\000A\000d\000d\000i\000t\000i\000o\000n\000a\000l\000\040\000D\000i\000a\000g\000n\000o\000s\000t\000i\000c\000\040\000E\000v\000i\000d\000e\000n\000c\000e}{section.7}% 25
\BOOKMARK [2][-]{subsection.7.8}{\376\377\000S\000t\000r\000u\000c\000t\000u\000r\000a\000l\000\040\000E\000s\000t\000i\000m\000a\000t\000i\000o\000n\000\040\000R\000e\000s\000u\000l\000t\000s}{section.7}% 26
\BOOKMARK [1][-]{section.8}{\376\377\000S\000u\000p\000p\000o\000r\000t\000i\000n\000g\000\040\000D\000i\000a\000g\000n\000o\000s\000t\000i\000c\000s\000\040\000a\000n\000d\000\040\000A\000l\000t\000e\000r\000n\000a\000t\000i\000v\000e\000\040\000E\000x\000p\000l\000a\000n\000a\000t\000i\000o\000n\000s}{}% 27
\BOOKMARK [2][-]{subsection.8.1}{\376\377\000B\000i\000d\000\040\000R\000o\000t\000a\000t\000i\000o\000n\000\040\000a\000n\000d\000\040\000B\000i\000d\000\040\000I\000n\000f\000l\000a\000t\000i\000o\000n}{section.8}% 28
\BOOKMARK [1][-]{section.9}{\376\377\000R\000o\000b\000u\000s\000t\000n\000e\000s\000s\000\040\000a\000n\000d\000\040\000E\000x\000t\000e\000n\000s\000i\000o\000n\000s}{}% 29
\BOOKMARK [1][-]{section.10}{\376\377\000L\000i\000m\000i\000t\000a\000t\000i\000o\000n\000s}{}% 30
\BOOKMARK [1][-]{section.11}{\376\377\000C\000o\000n\000c\000l\000u\000s\000i\000o\000n}{}% 31
\BOOKMARK [1][-]{appendix.A}{\376\377\000P\000r\000o\000o\000f\000s\000\040\000o\000f\000\040\000P\000r\000o\000p\000o\000s\000i\000t\000i\000o\000n\000s}{}% 32
\BOOKMARK [1][-]{appendix.B}{\376\377\000S\000t\000r\000u\000c\000t\000u\000r\000a\000l\000\040\000M\000o\000d\000e\000l\000:\000\040\000I\000d\000e\000n\000t\000i\000f\000i\000c\000a\000t\000i\000o\000n\000,\000\040\000E\000s\000t\000i\000m\000a\000t\000i\000o\000n\000,\000\040\000a\000n\000d\000\040\000S\000p\000e\000c\000i\000f\000i\000c\000a\000t\000i\000o\000n\000\040\000T\000e\000s\000t\000s}{}% 33
\BOOKMARK [2][-]{subsection.B.1}{\376\377\000I\000d\000e\000n\000t\000i\000f\000i\000c\000a\000t\000i\000o\000n\000\040\000o\000f\000\040\000S\000t\000r\000u\000c\000t\000u\000r\000a\000l\000\040\000P\000a\000r\000a\000m\000e\000t\000e\000r\000s}{appendix.B}% 34
\BOOKMARK [2][-]{subsection.B.2}{\376\377\000S\000t\000r\000u\000c\000t\000u\000r\000a\000l\000\040\000P\000a\000r\000a\000m\000e\000t\000e\000r\000\040\000E\000s\000t\000i\000m\000a\000t\000e\000s}{appendix.B}% 35
\BOOKMARK [2][-]{subsection.B.3}{\376\377\000S\000p\000e\000c\000i\000f\000i\000c\000a\000t\000i\000o\000n\000\040\000T\000e\000s\000t\000s}{appendix.B}% 36
\BOOKMARK [2][-]{subsection.B.4}{\376\377\000R\000e\000g\000i\000m\000e\000\040\0002\000\040\000Q\000Q\000-\000P\000l\000o\000t}{appendix.B}% 37
\BOOKMARK [1][-]{appendix.C}{\376\377\000C\000o\000r\000e\000\040\000S\000u\000p\000p\000o\000r\000t\000i\000n\000g\000\040\000T\000a\000b\000l\000e\000s\000\040\000a\000n\000d\000\040\000F\000i\000g\000u\000r\000e\000s}{}% 38
\BOOKMARK [1][-]{appendix.D}{\376\377\000K\000e\000y\000\040\000R\000o\000b\000u\000s\000t\000n\000e\000s\000s\000\040\000R\000e\000s\000u\000l\000t\000s}{}% 39
\BOOKMARK [2][-]{subsection.D.1}{\376\377\000I\000V\000\040\000R\000e\000s\000u\000l\000t\000s}{appendix.D}% 40
\BOOKMARK [2][-]{subsection.D.2}{\376\377\000B\000a\000j\000a\000r\000i\040\023\000Y\000e\000\040\000C\000o\000r\000r\000e\000c\000t\000e\000d\000\040\000R\000e\000s\000u\000l\000t\000s}{appendix.D}% 41
\BOOKMARK [2][-]{subsection.D.3}{\376\377\000T\000h\000r\000e\000s\000h\000o\000l\000d\000\040\000S\000e\000n\000s\000i\000t\000i\000v\000i\000t\000y}{appendix.D}% 42
\BOOKMARK [2][-]{subsection.D.4}{\376\377\000R\000e\000g\000i\000m\000e\000\040\000T\000e\000s\000t}{appendix.D}% 43
\BOOKMARK [2][-]{subsection.D.5}{\376\377\000I\000m\000h\000o\000f\000\040\000C\000o\000m\000p\000a\000r\000i\000s\000o\000n}{appendix.D}% 44
\BOOKMARK [2][-]{subsection.D.6}{\376\377\000H\000o\000r\000s\000e\000-\000R\000a\000c\000e\000:\000\040\000F\000L\000\040\000v\000s\000.\000\040\000I\000m\000h\000o\000f\000\040\000S\000c\000r\000e\000e\000n\000s}{appendix.D}% 45
\BOOKMARK [1][-]{appendix.E}{\376\377\000S\000t\000a\000g\000g\000e\000r\000e\000d\000\040\000D\000i\000f\000f\000e\000r\000e\000n\000c\000e\000-\000i\000n\000-\000D\000i\000f\000f\000e\000r\000e\000n\000c\000e\000s}{}% 46
\BOOKMARK [2][-]{subsection.E.1}{\376\377\000S\000t\000a\000c\000k\000e\000d\000\040\000R\000e\000g\000r\000e\000s\000s\000i\000o\000n\000\040\000\050\000C\000e\000n\000g\000i\000z\000\040\000e\000t\000\040\000a\000l\000.\000\051}{appendix.E}% 47
\BOOKMARK [1][-]{appendix.F}{\376\377\000A\000d\000d\000i\000t\000i\000o\000n\000a\000l\000\040\000C\000o\000m\000p\000e\000t\000i\000t\000i\000o\000n\000\040\000O\000u\000t\000c\000o\000m\000e\000s}{}% 48
\BOOKMARK [1][-]{appendix.G}{\376\377\000A\000d\000d\000i\000t\000i\000o\000n\000a\000l\000\040\000R\000o\000b\000u\000s\000t\000n\000e\000s\000s\000\040\000C\000h\000e\000c\000k\000s}{}% 49
\BOOKMARK [2][-]{subsection.G.1}{\376\377\000D\000e\000t\000e\000c\000t\000i\000o\000n\000\040\000P\000e\000r\000f\000o\000r\000m\000a\000n\000c\000e}{appendix.G}% 50
\BOOKMARK [2][-]{subsection.G.2}{\376\377\000M\000e\000c\000h\000a\000n\000i\000s\000m\000\040\000S\000u\000m\000m\000a\000r\000y}{appendix.G}% 51
\BOOKMARK [2][-]{subsection.G.3}{\376\377\000F\000L\000\040\000P\000a\000r\000t\000i\000c\000i\000p\000a\000t\000i\000o\000n\000\040\000R\000a\000t\000i\000o\000n\000a\000l\000i\000t\000y}{appendix.G}% 52
\BOOKMARK [2][-]{subsection.G.4}{\376\377\000B\000i\000d\000\040\000I\000n\000f\000l\000a\000t\000i\000o\000n}{appendix.G}% 53
\BOOKMARK [2][-]{subsection.G.5}{\376\377\000F\000L\000\040\000E\000n\000t\000r\000y\000\040\000E\000v\000e\000n\000t\000\040\000S\000t\000u\000d\000y}{appendix.G}% 54
\BOOKMARK [2][-]{subsection.G.6}{\376\377\000F\000L\000\040\000D\000e\000f\000i\000n\000i\000t\000i\000o\000n\000\040\000V\000a\000r\000i\000a\000n\000t\000s}{appendix.G}% 55
\BOOKMARK [2][-]{subsection.G.7}{\376\377\000U\000n\000r\000e\000s\000t\000r\000i\000c\000t\000e\000d\000\040\000S\000a\000m\000p\000l\000e}{appendix.G}% 56
\BOOKMARK [2][-]{subsection.G.8}{\376\377\000H\000o\000m\000o\000g\000e\000n\000e\000o\000u\000s\000\040\000S\000u\000b\000-\000S\000a\000m\000p\000l\000e\000s}{appendix.G}% 57
\BOOKMARK [2][-]{subsection.G.9}{\376\377\000T\000i\000g\000h\000t\000e\000r\000\040\000C\000o\000n\000t\000r\000o\000l\000s}{appendix.G}% 58
\BOOKMARK [2][-]{subsection.G.10}{\376\377\000M\000a\000t\000c\000h\000i\000n\000g\000\040\000E\000s\000t\000i\000m\000a\000t\000o\000r\000s}{appendix.G}% 59
\BOOKMARK [2][-]{subsection.G.11}{\376\377\000A\000l\000t\000e\000r\000n\000a\000t\000i\000v\000e\000\040\000C\000l\000u\000s\000t\000e\000r\000i\000n\000g}{appendix.G}% 60
\BOOKMARK [2][-]{subsection.G.12}{\376\377\000S\000e\000n\000s\000i\000t\000i\000v\000i\000t\000y\000\040\000A\000n\000a\000l\000y\000s\000i\000s}{appendix.G}% 61
\BOOKMARK [2][-]{subsection.G.13}{\376\377\000I\000V\000\040\000B\000a\000l\000a\000n\000c\000e\000\040\000T\000e\000s\000t\000s}{appendix.G}% 62
\BOOKMARK [2][-]{subsection.G.14}{\376\377\000I\000V\000\040\000w\000i\000t\000h\000\040\000I\000t\000e\000m\000-\000G\000r\000o\000u\000p\000\040\000x\000\040\000Y\000e\000a\000r\000\040\000F\000E}{appendix.G}% 63
\BOOKMARK [2][-]{subsection.G.15}{\376\377\000P\000l\000a\000c\000e\000b\000o\000\040\000I\000V}{appendix.G}% 64
\BOOKMARK [2][-]{subsection.G.16}{\376\377\000N\000e\000t\000w\000o\000r\000k\000-\000S\000p\000l\000i\000t\000\040\000I\000V}{appendix.G}% 65
\BOOKMARK [2][-]{subsection.G.17}{\376\377\000O\000v\000e\000r\000s\000i\000g\000h\000t\000\040\000H\000e\000t\000e\000r\000o\000g\000e\000n\000e\000i\000t\000y}{appendix.G}% 66
\BOOKMARK [2][-]{subsection.G.18}{\376\377\000B\000a\000j\000a\000r\000i\040\023\000Y\000e\000\040\000F\000i\000r\000s\000t\000\040\000S\000t\000a\000g\000e\000\040\000a\000n\000d\000\040\000P\000l\000a\000c\000e\000b\000o}{appendix.G}% 67
\BOOKMARK [2][-]{subsection.G.19}{\376\377\000B\000a\000j\000a\000r\000i\040\023\000Y\000e\000\040\000T\000e\000n\000d\000e\000r\000\040\000F\000i\000x\000e\000d\000\040\000E\000f\000f\000e\000c\000t\000s}{appendix.G}% 68
\BOOKMARK [2][-]{subsection.G.20}{\376\377\000N\000e\000t\000w\000o\000r\000k\000\040\000I\000n\000t\000e\000r\000a\000c\000t\000i\000o\000n\000s}{appendix.G}% 69
\BOOKMARK [2][-]{subsection.G.21}{\376\377\000O\000s\000t\000e\000r\000\040\000C\000o\000e\000f\000f\000i\000c\000i\000e\000n\000t\000\040\000S\000t\000a\000b\000i\000l\000i\000t\000y}{appendix.G}% 70
\BOOKMARK [2][-]{subsection.G.22}{\376\377\000D\000y\000a\000d\000i\000c\000\040\000L\000i\000n\000k\000a\000g\000e\000\040\000P\000e\000r\000m\000u\000t\000a\000t\000i\000o\000n\000\040\000T\000e\000s\000t}{appendix.G}% 71
\BOOKMARK [2][-]{subsection.G.23}{\376\377\000C\000o\000x\000\040\000S\000u\000r\000v\000i\000v\000a\000l\000\040\000M\000o\000d\000e\000l}{appendix.G}% 72
\BOOKMARK [2][-]{subsection.G.24}{\376\377\000N\000e\000t\000w\000o\000r\000k\000\040\000G\000r\000a\000p\000h}{appendix.G}% 73
\BOOKMARK [2][-]{subsection.G.25}{\376\377\000T\000h\000r\000e\000s\000h\000o\000l\000d\000\040\000S\000e\000n\000s\000i\000t\000i\000v\000i\000t\000y\000\040\000H\000e\000a\000t\000m\000a\000p}{appendix.G}% 74
\BOOKMARK [2][-]{subsection.G.26}{\376\377\000W\000e\000l\000f\000a\000r\000e\000\040\000H\000e\000a\000t\000m\000a\000p\000:\000\040\000N\000e\000t\000\040\000S\000a\000v\000i\000n\000g\000s\000\040\000v\000s\000.\000\040\000I\000n\000v\000e\000s\000t\000i\000g\000a\000t\000i\000o\000n\000\040\000C\000o\000s\000t}{appendix.G}% 75
\BOOKMARK [2][-]{subsection.G.27}{\376\377\000D\000e\000n\000s\000i\000t\000y\000\040\000S\000h\000i\000f\000t\000:\000\040\000F\000L\000\040\000v\000s\000.\000\040\000N\000o\000n\000-\000F\000L\000\040\000B\000i\000d\000s}{appendix.G}% 76
\BOOKMARK [2][-]{subsection.G.28}{\376\377\000F\000L\000\040\000D\000i\000s\000t\000r\000i\000b\000u\000t\000i\000o\000n\000\040\000F\000i\000g\000u\000r\000e\000s}{appendix.G}% 77
\BOOKMARK [2][-]{subsection.G.29}{\376\377\000T\000h\000r\000e\000s\000h\000o\000l\000d\000\040\000S\000t\000a\000b\000i\000l\000i\000t\000y}{appendix.G}% 78
\BOOKMARK [2][-]{subsection.G.30}{\376\377\000C\000l\000a\000s\000s\000i\000f\000i\000c\000a\000t\000i\000o\000n\000\040\000R\000o\000b\000u\000s\000t\000n\000e\000s\000s}{appendix.G}% 79
\BOOKMARK [2][-]{subsection.G.31}{\376\377\000C\000l\000a\000s\000s\000i\000f\000i\000c\000a\000t\000i\000o\000n\000\040\000R\000o\000b\000u\000s\000t\000n\000e\000s\000s\000:\000\040\000I\000Q\000R\000\040\000R\000u\000l\000e\000\040\000v\000s\000.\000\040\000M\000o\000d\000e\000l\000-\000B\000a\000s\000e\000d\000\040\000A\000l\000t\000e\000r\000n\000a\000t\000i\000v\000e\000s}{appendix.G}% 80
\BOOKMARK [1][-]{appendix.H}{\376\377\000W\000e\000l\000f\000a\000r\000e\000\040\000A\000n\000a\000l\000y\000s\000i\000s\000\040\000a\000n\000d\000\040\000P\000o\000l\000i\000c\000y\000\040\000C\000o\000u\000n\000t\000e\000r\000f\000a\000c\000t\000u\000a\000l\000s}{}% 81
\BOOKMARK [2][-]{subsection.H.1}{\376\377\000I\000l\000l\000u\000s\000t\000r\000a\000t\000i\000v\000e\000\040\000P\000o\000l\000i\000c\000y\000\040\000C\000o\000u\000n\000t\000e\000r\000f\000a\000c\000t\000u\000a\000l\000s}{appendix.H}% 82
\BOOKMARK [2][-]{subsection.H.2}{\376\377\000Y\000e\000a\000r\000-\000b\000y\000-\000Y\000e\000a\000r\000\040\000C\000o\000e\000f\000f\000i\000c\000i\000e\000n\000t\000s}{appendix.H}% 83
\BOOKMARK [2][-]{subsection.H.3}{\376\377\000F\000L\000\040\000D\000e\000f\000i\000n\000i\000t\000i\000o\000n\000\040\000R\000o\000b\000u\000s\000t\000n\000e\000s\000s}{appendix.H}% 84
\BOOKMARK [1][-]{appendix.I}{\376\377\000H\000e\000t\000e\000r\000o\000g\000e\000n\000e\000i\000t\000y\000\040\000a\000n\000d\000\040\000F\000L\000\040\000C\000h\000a\000r\000a\000c\000t\000e\000r\000i\000s\000t\000i\000c\000s}{}% 85
